Archive member included to satisfy reference by file (symbol)

/usr/local/Cellar/arm-none-eabi-gcc/10.3-2021.07/gcc/bin/../lib/gcc/arm-none-eabi/10.3.1/../../../../arm-none-eabi/lib/thumb/v6-m/nofp/libstdc++.a(guard.o)
                              CMakeFiles/nrf24joystick.dir/nrf24joystick.cpp.obj (__cxa_guard_acquire)
/usr/local/Cellar/arm-none-eabi-gcc/10.3-2021.07/gcc/bin/../lib/gcc/arm-none-eabi/10.3.1/../../../../arm-none-eabi/lib/thumb/v6-m/nofp/libstdc++.a(guard_error.o)
                              /usr/local/Cellar/arm-none-eabi-gcc/10.3-2021.07/gcc/bin/../lib/gcc/arm-none-eabi/10.3.1/../../../../arm-none-eabi/lib/thumb/v6-m/nofp/libstdc++.a(guard.o) (__gnu_cxx::recursive_init_error::~recursive_init_error())
/usr/local/Cellar/arm-none-eabi-gcc/10.3-2021.07/gcc/bin/../lib/gcc/arm-none-eabi/10.3.1/../../../../arm-none-eabi/lib/thumb/v6-m/nofp/libstdc++.a(si_class_type_info.o)
                              /usr/local/Cellar/arm-none-eabi-gcc/10.3-2021.07/gcc/bin/../lib/gcc/arm-none-eabi/10.3.1/../../../../arm-none-eabi/lib/thumb/v6-m/nofp/libstdc++.a(guard_error.o) (vtable for __cxxabiv1::__si_class_type_info)
/usr/local/Cellar/arm-none-eabi-gcc/10.3-2021.07/gcc/bin/../lib/gcc/arm-none-eabi/10.3.1/../../../../arm-none-eabi/lib/thumb/v6-m/nofp/libstdc++.a(tinfo.o)
                              /usr/local/Cellar/arm-none-eabi-gcc/10.3-2021.07/gcc/bin/../lib/gcc/arm-none-eabi/10.3.1/../../../../arm-none-eabi/lib/thumb/v6-m/nofp/libstdc++.a(si_class_type_info.o) (std::type_info::__is_pointer_p() const)
/usr/local/Cellar/arm-none-eabi-gcc/10.3-2021.07/gcc/bin/../lib/gcc/arm-none-eabi/10.3.1/../../../../arm-none-eabi/lib/thumb/v6-m/nofp/libstdc++.a(class_type_info.o)
                              /usr/local/Cellar/arm-none-eabi-gcc/10.3-2021.07/gcc/bin/../lib/gcc/arm-none-eabi/10.3.1/../../../../arm-none-eabi/lib/thumb/v6-m/nofp/libstdc++.a(si_class_type_info.o) (__cxxabiv1::__class_type_info::__do_upcast(__cxxabiv1::__class_type_info const*, void**) const)
/usr/local/Cellar/arm-none-eabi-gcc/10.3-2021.07/gcc/bin/../lib/gcc/arm-none-eabi/10.3.1/../../../../arm-none-eabi/lib/thumb/v6-m/nofp/libstdc++.a(eh_alloc.o)
                              /usr/local/Cellar/arm-none-eabi-gcc/10.3-2021.07/gcc/bin/../lib/gcc/arm-none-eabi/10.3.1/../../../../arm-none-eabi/lib/thumb/v6-m/nofp/libstdc++.a(guard.o) (__cxa_allocate_exception)
/usr/local/Cellar/arm-none-eabi-gcc/10.3-2021.07/gcc/bin/../lib/gcc/arm-none-eabi/10.3.1/../../../../arm-none-eabi/lib/thumb/v6-m/nofp/libstdc++.a(eh_exception.o)
                              /usr/local/Cellar/arm-none-eabi-gcc/10.3-2021.07/gcc/bin/../lib/gcc/arm-none-eabi/10.3.1/../../../../arm-none-eabi/lib/thumb/v6-m/nofp/libstdc++.a(guard_error.o) (std::exception::~exception())
/usr/local/Cellar/arm-none-eabi-gcc/10.3-2021.07/gcc/bin/../lib/gcc/arm-none-eabi/10.3.1/../../../../arm-none-eabi/lib/thumb/v6-m/nofp/libstdc++.a(eh_terminate.o)
                              /usr/local/Cellar/arm-none-eabi-gcc/10.3-2021.07/gcc/bin/../lib/gcc/arm-none-eabi/10.3.1/../../../../arm-none-eabi/lib/thumb/v6-m/nofp/libstdc++.a(eh_alloc.o) (std::terminate())
/usr/local/Cellar/arm-none-eabi-gcc/10.3-2021.07/gcc/bin/../lib/gcc/arm-none-eabi/10.3.1/../../../../arm-none-eabi/lib/thumb/v6-m/nofp/libstdc++.a(eh_throw.o)
                              /usr/local/Cellar/arm-none-eabi-gcc/10.3-2021.07/gcc/bin/../lib/gcc/arm-none-eabi/10.3.1/../../../../arm-none-eabi/lib/thumb/v6-m/nofp/libstdc++.a(guard.o) (__cxa_throw)
/usr/local/Cellar/arm-none-eabi-gcc/10.3-2021.07/gcc/bin/../lib/gcc/arm-none-eabi/10.3.1/../../../../arm-none-eabi/lib/thumb/v6-m/nofp/libstdc++.a(eh_unex_handler.o)
                              /usr/local/Cellar/arm-none-eabi-gcc/10.3-2021.07/gcc/bin/../lib/gcc/arm-none-eabi/10.3.1/../../../../arm-none-eabi/lib/thumb/v6-m/nofp/libstdc++.a(eh_terminate.o) (__cxxabiv1::__unexpected_handler)
/usr/local/Cellar/arm-none-eabi-gcc/10.3-2021.07/gcc/bin/../lib/gcc/arm-none-eabi/10.3.1/../../../../arm-none-eabi/lib/thumb/v6-m/nofp/libstdc++.a(pure.o)
                              /usr/local/Cellar/arm-none-eabi-gcc/10.3-2021.07/gcc/bin/../lib/gcc/arm-none-eabi/10.3.1/../../../../arm-none-eabi/lib/thumb/v6-m/nofp/libstdc++.a(eh_exception.o) (__cxa_pure_virtual)
/usr/local/Cellar/arm-none-eabi-gcc/10.3-2021.07/gcc/bin/../lib/gcc/arm-none-eabi/10.3.1/../../../../arm-none-eabi/lib/thumb/v6-m/nofp/libstdc++.a(vterminate.o)
                              /usr/local/Cellar/arm-none-eabi-gcc/10.3-2021.07/gcc/bin/../lib/gcc/arm-none-eabi/10.3.1/../../../../arm-none-eabi/lib/thumb/v6-m/nofp/libstdc++.a(eh_terminate.o) (__gnu_cxx::__verbose_terminate_handler())
/usr/local/Cellar/arm-none-eabi-gcc/10.3-2021.07/gcc/bin/../lib/gcc/arm-none-eabi/10.3.1/../../../../arm-none-eabi/lib/thumb/v6-m/nofp/libstdc++.a(cp-demangle.o)
[...]
Memory Configuration

Name             Origin             Length             Attributes
FLASH            0x0000000010000000 0x0000000000200000 xr
RAM              0x0000000020000000 0x0000000000040000 xrw
SCRATCH_X        0x0000000020040000 0x0000000000001000 xrw
SCRATCH_Y        0x0000000020041000 0x0000000000001000 xrw
*default*        0x0000000000000000 0xffffffffffffffff

Linker script and memory map

LOAD /usr/local/Cellar/arm-none-eabi-gcc/10.3-2021.07/gcc/bin/../lib/gcc/arm-none-eabi/10.3.1/thumb/v6-m/nofp/crti.o
LOAD /usr/local/Cellar/arm-none-eabi-gcc/10.3-2021.07/gcc/bin/../lib/gcc/arm-none-eabi/10.3.1/thumb/v6-m/nofp/crtbegin.o
LOAD /usr/local/Cellar/arm-none-eabi-gcc/10.3-2021.07/gcc/bin/../lib/gcc/arm-none-eabi/10.3.1/../../../../arm-none-eabi/lib/thumb/v6-m/nofp/crt0.o

.flash_begin    0x0000000010000000        0x0
                0x0000000010000000                __flash_binary_start = .

.boot2          0x0000000010000000      0x100
                0x0000000010000000                __boot2_start__ = .
 *(.boot2)
 .boot2         0x0000000010000000      0x100 /var/folders/yl/rxxd3hls0bd_71ylt_fnv0qh0000gn/T//ccWrj7Es.o
                0x0000000010000100                __boot2_end__ = .
                0x0000000000000001                ASSERT (((__boot2_end__ - __boot2_start__) == 0x100), ERROR: Pico second stage bootloader must be 256 bytes in size)

.text           0x0000000010000100     0xfd38
                0x0000000010000100                __logical_binary_start = .
 *(.vectors)
 .vectors       0x0000000010000100       0xd4 CMakeFiles/nrf24joystick.dir/Users/roger/pico/pico-sdk/src/rp2_common/pico_standard_link/crt0.S.obj
                0x0000000010000100                __VECTOR_TABLE
                0x0000000010000100                __vectors
                0x00000000100001c0                __default_isrs_start
                0x00000000100001c0                isr_invalid
                0x00000000100001c2                isr_nmi
                0x00000000100001c4                isr_hardfault
                0x00000000100001c6                isr_svcall
                0x00000000100001c8                isr_pendsv
                0x00000000100001ca                isr_systick
                0x00000000100001cc                isr_irq28
                0x00000000100001cc                isr_irq19
                0x00000000100001cc                isr_irq0
                0x00000000100001cc                isr_irq6
                0x00000000100001cc                isr_irq22
                0x00000000100001cc                isr_irq17
                0x00000000100001cc                isr_irq14
                0x00000000100001cc                isr_irq2
                0x00000000100001cc                isr_irq10
                0x00000000100001cc                isr_irq8
                0x00000000100001cc                isr_irq24
                0x00000000100001cc                isr_irq1
                0x00000000100001cc                isr_irq7
                0x00000000100001cc                isr_irq21
                0x00000000100001cc                isr_irq20
                0x00000000100001cc                isr_irq15
                0x00000000100001cc                isr_irq25
                0x00000000100001cc                isr_irq4
                0x00000000100001cc                isr_irq16
                0x00000000100001cc                isr_irq29
                0x00000000100001cc                isr_irq26
                0x00000000100001cc                __default_isrs_end
                0x00000000100001cc                isr_irq3
                0x00000000100001cc                isr_irq9
                0x00000000100001cc                __unhandled_user_irq
                0x00000000100001cc                isr_irq13
                0x00000000100001cc                isr_irq27
                0x00000000100001cc                isr_irq31
                0x00000000100001cc                isr_irq5
                0x00000000100001cc                isr_irq11
                0x00000000100001cc                isr_irq23
                0x00000000100001cc                isr_irq18
                0x00000000100001cc                isr_irq30
                0x00000000100001cc                isr_irq12
                0x00000000100001d2                unhandled_user_irq_num_in_r0
 *(.binary_info_header)
 .binary_info_header
                0x00000000100001d4       0x14 CMakeFiles/nrf24joystick.dir/Users/roger/pico/pico-sdk/src/rp2_common/pico_standard_link/crt0.S.obj
                0x00000000100001e8                __binary_info_header_end = .
 *(.reset)
 .reset         0x00000000100001e8       0xa8 CMakeFiles/nrf24joystick.dir/Users/roger/pico/pico-sdk/src/rp2_common/pico_standard_link/crt0.S.obj
                0x00000000100001e8                _entry_point
                0x0000000010000266                __get_current_exception
 .reset         0x0000000010000290       0x30 CMakeFiles/nrf24joystick.dir/Users/roger/pico/pico-sdk/src/rp2_common/pico_standard_link/binary_info.c.obj
 *(.init)
 .init          0x00000000100002c0        0x4 /usr/local/Cellar/arm-none-eabi-gcc/10.3-2021.07/gcc/bin/../lib/gcc/arm-none-eabi/10.3.1/thumb/v6-m/nofp/crti.o
                0x00000000100002c0                _init
 *(EXCLUDE_FILE(*libm.a: *libc.a:*lib_a-mem*.o *libgcc.a:) .text*)
 .text          0x00000000100002c4       0x48 /usr/local/Cellar/arm-none-eabi-gcc/10.3-2021.07/gcc/bin/../lib/gcc/arm-none-eabi/10.3.1/thumb/v6-m/nofp/crtbegin.o
 .text._Z9deepSleepv
                0x000000001000030c       0xcc CMakeFiles/nrf24joystick.dir/nrf24joystick.cpp.obj
                0x000000001000030c                deepSleep()
 .text._Z5setupv
                0x00000000100003d8      0x128 CMakeFiles/nrf24joystick.dir/nrf24joystick.cpp.obj
                0x00000000100003d8                setup()
 .text.startup.main
                0x0000000010000500      0x1e8 CMakeFiles/nrf24joystick.dir/nrf24joystick.cpp.obj
                0x0000000010000500                main
 .text.startup._GLOBAL__sub_I__Z8flashLEDii
                0x00000000100006e8       0x24 CMakeFiles/nrf24joystick.dir/nrf24joystick.cpp.obj
 .text.setup_default_uart
                0x000000001000070c       0x2c CMakeFiles/nrf24joystick.dir/Users/roger/pico/pico-sdk/src/rp2_common/pico_stdlib/stdlib.c.obj
                0x000000001000070c                setup_default_uart
 .text.gpio_set_function
                0x0000000010000738       0x30 CMakeFiles/nrf24joystick.dir/Users/roger/pico/pico-sdk/src/rp2_common/hardware_gpio/gpio.c.obj
                0x0000000010000738                gpio_set_function
 .text.gpio_set_pulls
                0x0000000010000768       0x30 CMakeFiles/nrf24joystick.dir/Users/roger/pico/pico-sdk/src/rp2_common/hardware_gpio/gpio.c.obj
                0x0000000010000768                gpio_set_pulls
 .text.gpio_set_dormant_irq_enabled
                0x0000000010000798       0x40 CMakeFiles/nrf24joystick.dir/Users/roger/pico/pico-sdk/src/rp2_common/hardware_gpio/gpio.c.obj
                0x0000000010000798                gpio_set_dormant_irq_enabled
 .text.gpio_acknowledge_irq
                0x00000000100007d8       0x1c CMakeFiles/nrf24joystick.dir/Users/roger/pico/pico-sdk/src/rp2_common/hardware_gpio/gpio.c.obj
                0x00000000100007d8                gpio_acknowledge_irq
 .text.gpio_init
                0x00000000100007f4       0x3c CMakeFiles/nrf24joystick.dir/Users/roger/pico/pico-sdk/src/rp2_common/hardware_gpio/gpio.c.obj
                0x00000000100007f4                gpio_init
 .text.hw_claim_or_assert
                0x0000000010000830       0x44 CMakeFiles/nrf24joystick.dir/Users/roger/pico/pico-sdk/src/rp2_common/hardware_claim/claim.c.obj
                0x0000000010000830                hw_claim_or_assert
 .text.running_on_fpga
                0x0000000010000874       0x10 CMakeFiles/nrf24joystick.dir/Users/roger/pico/pico-sdk/src/rp2_common/pico_platform/platform.c.obj
                0x0000000010000874                running_on_fpga
 .text.spin_locks_reset
                0x0000000010000884       0x1c CMakeFiles/nrf24joystick.dir/Users/roger/pico/pico-sdk/src/rp2_common/hardware_sync/sync.c.obj
                0x0000000010000884                spin_locks_reset
 .text.next_striped_spin_lock_num
                0x00000000100008a0       0x18 CMakeFiles/nrf24joystick.dir/Users/roger/pico/pico-sdk/src/rp2_common/hardware_sync/sync.c.obj
                0x00000000100008a0                next_striped_spin_lock_num
 .text.irq_set_enabled
                0x00000000100008b8       0x24 CMakeFiles/nrf24joystick.dir/Users/roger/pico/pico-sdk/src/rp2_common/hardware_irq/irq.c.obj
                0x00000000100008b8                irq_set_enabled
 .text.irq_get_vtable_handler
                0x00000000100008dc       0x10 CMakeFiles/nrf24joystick.dir/Users/roger/pico/pico-sdk/src/rp2_common/hardware_irq/irq.c.obj
                0x00000000100008dc                irq_get_vtable_handler
 .text.irq_set_exclusive_handler
                0x00000000100008ec       0x54 CMakeFiles/nrf24joystick.dir/Users/roger/pico/pico-sdk/src/rp2_common/hardware_irq/irq.c.obj
                0x00000000100008ec                irq_set_exclusive_handler
 .text.irq_remove_handler
                0x0000000010000940      0x1b4 CMakeFiles/nrf24joystick.dir/Users/roger/pico/pico-sdk/src/rp2_common/hardware_irq/irq.c.obj
                0x0000000010000940                irq_remove_handler
 .text.irq_add_tail_to_free_list
                0x0000000010000af4       0xb4 CMakeFiles/nrf24joystick.dir/Users/roger/pico/pico-sdk/src/rp2_common/hardware_irq/irq.c.obj
                0x0000000010000af4                irq_add_tail_to_free_list
 .text.irq_init_priorities
                0x0000000010000ba8       0x24 CMakeFiles/nrf24joystick.dir/Users/roger/pico/pico-sdk/src/rp2_common/hardware_irq/irq.c.obj
                0x0000000010000ba8                irq_init_priorities
 .text.lock_init
                0x0000000010000bcc       0x10 CMakeFiles/nrf24joystick.dir/Users/roger/pico/pico-sdk/src/common/pico_sync/lock_core.c.obj
                0x0000000010000bcc                lock_init
 .text.timer_pool_entry_comparator
                0x0000000010000bdc       0x34 CMakeFiles/nrf24joystick.dir/Users/roger/pico/pico-sdk/src/common/pico_time/time.c.obj
                0x0000000010000bdc                timer_pool_entry_comparator
 .text.sleep_until_callback
                0x0000000010000c10       0x30 CMakeFiles/nrf24joystick.dir/Users/roger/pico/pico-sdk/src/common/pico_time/time.c.obj
 .text.add_alarm_under_lock.isra.0
                0x0000000010000c40      0x100 CMakeFiles/nrf24joystick.dir/Users/roger/pico/pico-sdk/src/common/pico_time/time.c.obj
 .text.alarm_pool_alarm_callback
                0x0000000010000d40      0x1c8 CMakeFiles/nrf24joystick.dir/Users/roger/pico/pico-sdk/src/common/pico_time/time.c.obj
 .text.alarm_pool_add_alarm_at.constprop.0
                0x0000000010000f08      0x11c CMakeFiles/nrf24joystick.dir/Users/roger/pico/pico-sdk/src/common/pico_time/time.c.obj
 .text.alarm_pool_init_default
                0x0000000010001024       0x64 CMakeFiles/nrf24joystick.dir/Users/roger/pico/pico-sdk/src/common/pico_time/time.c.obj
                0x0000000010001024                alarm_pool_init_default
 .text.sleep_until
                0x0000000010001088       0xac CMakeFiles/nrf24joystick.dir/Users/roger/pico/pico-sdk/src/common/pico_time/time.c.obj
                0x0000000010001088                sleep_until
 .text.sleep_us
                0x0000000010001134       0x30 CMakeFiles/nrf24joystick.dir/Users/roger/pico/pico-sdk/src/common/pico_time/time.c.obj
                0x0000000010001134                sleep_us
 .text.sleep_ms
                0x0000000010001164       0x38 CMakeFiles/nrf24joystick.dir/Users/roger/pico/pico-sdk/src/common/pico_time/time.c.obj
                0x0000000010001164                sleep_ms
 .text.hardware_alarm_irq_handler
                0x000000001000119c       0xb8 CMakeFiles/nrf24joystick.dir/Users/roger/pico/pico-sdk/src/rp2_common/hardware_timer/timer.c.obj
 .text.hardware_alarm_claim
                0x0000000010001254       0x18 CMakeFiles/nrf24joystick.dir/Users/roger/pico/pico-sdk/src/rp2_common/hardware_timer/timer.c.obj
                0x0000000010001254                hardware_alarm_claim
 .text.time_us_64
                0x000000001000126c       0x14 CMakeFiles/nrf24joystick.dir/Users/roger/pico/pico-sdk/src/rp2_common/hardware_timer/timer.c.obj
                0x000000001000126c                time_us_64
 .text.busy_wait_us
                0x0000000010001280       0x54 CMakeFiles/nrf24joystick.dir/Users/roger/pico/pico-sdk/src/rp2_common/hardware_timer/timer.c.obj
                0x0000000010001280                busy_wait_us
 .text.busy_wait_until
                0x00000000100012d4       0x20 CMakeFiles/nrf24joystick.dir/Users/roger/pico/pico-sdk/src/rp2_common/hardware_timer/timer.c.obj
                0x00000000100012d4                busy_wait_until
 .text.hardware_alarm_set_callback
                0x00000000100012f4       0x8c CMakeFiles/nrf24joystick.dir/Users/roger/pico/pico-sdk/src/rp2_common/hardware_timer/timer.c.obj
                0x00000000100012f4                hardware_alarm_set_callback
 .text.hardware_alarm_set_target
                0x0000000010001380       0xe0 CMakeFiles/nrf24joystick.dir/Users/roger/pico/pico-sdk/src/rp2_common/hardware_timer/timer.c.obj
                0x0000000010001380                hardware_alarm_set_target
 .text.hardware_alarm_cancel
                0x0000000010001460       0x3c CMakeFiles/nrf24joystick.dir/Users/roger/pico/pico-sdk/src/rp2_common/hardware_timer/timer.c.obj
                0x0000000010001460                hardware_alarm_cancel
 .text.ph_merge_nodes
                0x000000001000149c       0x68 CMakeFiles/nrf24joystick.dir/Users/roger/pico/pico-sdk/src/common/pico_util/pheap.c.obj
 .text.ph_post_alloc_init
                0x0000000010001504       0x3c CMakeFiles/nrf24joystick.dir/Users/roger/pico/pico-sdk/src/common/pico_util/pheap.c.obj
                0x0000000010001504                ph_post_alloc_init
 .text.ph_merge_two_pass
                0x0000000010001540       0x90 CMakeFiles/nrf24joystick.dir/Users/roger/pico/pico-sdk/src/common/pico_util/pheap.c.obj
                0x0000000010001540                ph_merge_two_pass
 .text.ph_remove_any_head
                0x00000000100015d0       0xf8 CMakeFiles/nrf24joystick.dir/Users/roger/pico/pico-sdk/src/common/pico_util/pheap.c.obj
 .text.ph_remove_head
                0x00000000100016c8       0xfc CMakeFiles/nrf24joystick.dir/Users/roger/pico/pico-sdk/src/common/pico_util/pheap.c.obj
                0x00000000100016c8                ph_remove_head
 .text.ph_remove_and_free_node
                0x00000000100017c4       0x7c CMakeFiles/nrf24joystick.dir/Users/roger/pico/pico-sdk/src/common/pico_util/pheap.c.obj
                0x00000000100017c4                ph_remove_and_free_node
 .text.mutex_init
                0x0000000010001840       0x1c CMakeFiles/nrf24joystick.dir/Users/roger/pico/pico-sdk/src/common/pico_sync/mutex.c.obj
                0x0000000010001840                mutex_init
 .text.recursive_mutex_init
                0x000000001000185c       0x1c CMakeFiles/nrf24joystick.dir/Users/roger/pico/pico-sdk/src/common/pico_sync/mutex.c.obj
                0x000000001000185c                recursive_mutex_init
 .text.uart_init
                0x0000000010001878       0xe0 CMakeFiles/nrf24joystick.dir/Users/roger/pico/pico-sdk/src/rp2_common/hardware_uart/uart.c.obj
                0x0000000010001878                uart_init
 .text.runtime_init
                0x0000000010001958       0xf0 CMakeFiles/nrf24joystick.dir/Users/roger/pico/pico-sdk/src/rp2_common/pico_runtime/runtime.c.obj
                0x0000000010001958                runtime_init
 .text._exit    0x0000000010001a48        0x4 CMakeFiles/nrf24joystick.dir/Users/roger/pico/pico-sdk/src/rp2_common/pico_runtime/runtime.c.obj
                0x0000000010001a48                _exit
 .text._sbrk    0x0000000010001a4c       0x34 CMakeFiles/nrf24joystick.dir/Users/roger/pico/pico-sdk/src/rp2_common/pico_runtime/runtime.c.obj
                0x0000000010001a4c                _sbrk
 .text.exit     0x0000000010001a80        0x4 CMakeFiles/nrf24joystick.dir/Users/roger/pico/pico-sdk/src/rp2_common/pico_runtime/runtime.c.obj
                0x0000000010001a80                exit
 .text.panic    0x0000000010001a84       0x30 CMakeFiles/nrf24joystick.dir/Users/roger/pico/pico-sdk/src/rp2_common/pico_runtime/runtime.c.obj
                0x0000000010001a84                panic
 .text.hard_assertion_failure
                0x0000000010001ab4        0xc CMakeFiles/nrf24joystick.dir/Users/roger/pico/pico-sdk/src/rp2_common/pico_runtime/runtime.c.obj
                0x0000000010001ab4                hard_assertion_failure
 .text.clock_stop
                0x0000000010001ac0       0x2c CMakeFiles/nrf24joystick.dir/Users/roger/pico/pico-sdk/src/rp2_common/hardware_clocks/clocks.c.obj
                0x0000000010001ac0                clock_stop
 .text.clock_configure
                0x0000000010001aec      0x114 CMakeFiles/nrf24joystick.dir/Users/roger/pico/pico-sdk/src/rp2_common/hardware_clocks/clocks.c.obj
                0x0000000010001aec                clock_configure
 .text.clocks_init
                0x0000000010001c00      0x2bc CMakeFiles/nrf24joystick.dir/Users/roger/pico/pico-sdk/src/rp2_common/hardware_clocks/clocks.c.obj
                0x0000000010001c00                clocks_init
 .text.clock_get_hz
                0x0000000010001ebc        0xc CMakeFiles/nrf24joystick.dir/Users/roger/pico/pico-sdk/src/rp2_common/hardware_clocks/clocks.c.obj
                0x0000000010001ebc                clock_get_hz
 .text.pll_init
                0x0000000010001ec8       0xb0 CMakeFiles/nrf24joystick.dir/Users/roger/pico/pico-sdk/src/rp2_common/hardware_pll/pll.c.obj
                0x0000000010001ec8                pll_init
 .text.pll_deinit
                0x0000000010001f78        0x8 CMakeFiles/nrf24joystick.dir/Users/roger/pico/pico-sdk/src/rp2_common/hardware_pll/pll.c.obj
                0x0000000010001f78                pll_deinit
 .text.watchdog_start_tick
                0x0000000010001f80       0x10 CMakeFiles/nrf24joystick.dir/Users/roger/pico/pico-sdk/src/rp2_common/hardware_watchdog/watchdog.c.obj
                0x0000000010001f80                watchdog_start_tick
 .text.xosc_init
                0x0000000010001f90       0x28 CMakeFiles/nrf24joystick.dir/Users/roger/pico/pico-sdk/src/rp2_common/hardware_xosc/xosc.c.obj
                0x0000000010001f90                xosc_init
 .text.xosc_disable
                0x0000000010001fb8       0x24 CMakeFiles/nrf24joystick.dir/Users/roger/pico/pico-sdk/src/rp2_common/hardware_xosc/xosc.c.obj
                0x0000000010001fb8                xosc_disable
 .text.xosc_dormant
                0x0000000010001fdc       0x18 CMakeFiles/nrf24joystick.dir/Users/roger/pico/pico-sdk/src/rp2_common/hardware_xosc/xosc.c.obj
                0x0000000010001fdc                xosc_dormant
 .text._out_buffer
                0x0000000010001ff4        0x8 CMakeFiles/nrf24joystick.dir/Users/roger/pico/pico-sdk/src/rp2_common/pico_printf/printf.c.obj
 .text._out_null
                0x0000000010001ffc        0x4 CMakeFiles/nrf24joystick.dir/Users/roger/pico/pico-sdk/src/rp2_common/pico_printf/printf.c.obj
 .text._out_rev
                0x0000000010002000       0x9c CMakeFiles/nrf24joystick.dir/Users/roger/pico/pico-sdk/src/rp2_common/pico_printf/printf.c.obj
 .text._ntoa_format
                0x000000001000209c      0x1cc CMakeFiles/nrf24joystick.dir/Users/roger/pico/pico-sdk/src/rp2_common/pico_printf/printf.c.obj
 .text._out_char
                0x0000000010002268       0x10 CMakeFiles/nrf24joystick.dir/Users/roger/pico/pico-sdk/src/rp2_common/pico_printf/printf.c.obj
 .text._out_fct
                0x0000000010002278       0x10 CMakeFiles/nrf24joystick.dir/Users/roger/pico/pico-sdk/src/rp2_common/pico_printf/printf.c.obj
 .text._etoa    0x0000000010002288      0x44c CMakeFiles/nrf24joystick.dir/Users/roger/pico/pico-sdk/src/rp2_common/pico_printf/printf.c.obj
 .text._ftoa    0x00000000100026d4      0x398 CMakeFiles/nrf24joystick.dir/Users/roger/pico/pico-sdk/src/rp2_common/pico_printf/printf.c.obj
 .text._vsnprintf
                0x0000000010002a6c      0xb04 CMakeFiles/nrf24joystick.dir/Users/roger/pico/pico-sdk/src/rp2_common/pico_printf/printf.c.obj
 .text.__wrap_sprintf
                0x0000000010003570       0x28 CMakeFiles/nrf24joystick.dir/Users/roger/pico/pico-sdk/src/rp2_common/pico_printf/printf.c.obj
                0x0000000010003570                __wrap_sprintf
 .text.vfctprintf
                0x0000000010003598       0x20 CMakeFiles/nrf24joystick.dir/Users/roger/pico/pico-sdk/src/rp2_common/pico_printf/printf.c.obj
                0x0000000010003598                vfctprintf
 .text.weak_raw_vprintf
                0x00000000100035b8       0x30 CMakeFiles/nrf24joystick.dir/Users/roger/pico/pico-sdk/src/rp2_common/pico_printf/printf.c.obj
                0x00000000100035b8                weak_raw_vprintf
 .text          0x00000000100035e8       0x10 CMakeFiles/nrf24joystick.dir/Users/roger/pico/pico-sdk/src/rp2_common/pico_bit_ops/bit_ops_aeabi.S.obj
 .text.rom_func_lookup
                0x00000000100035f8       0x10 CMakeFiles/nrf24joystick.dir/Users/roger/pico/pico-sdk/src/rp2_common/pico_bootrom/bootrom.c.obj
                0x00000000100035f8                rom_func_lookup
 .text.rom_data_lookup
                0x0000000010003608       0x10 CMakeFiles/nrf24joystick.dir/Users/roger/pico/pico-sdk/src/rp2_common/pico_bootrom/bootrom.c.obj
                0x0000000010003608                rom_data_lookup
 .text.rom_funcs_lookup
                0x0000000010003618       0x44 CMakeFiles/nrf24joystick.dir/Users/roger/pico/pico-sdk/src/rp2_common/pico_bootrom/bootrom.c.obj
                0x0000000010003618                rom_funcs_lookup
 .text.__wrap___aeabi_idiv
                0x000000001000365c       0x50 CMakeFiles/nrf24joystick.dir/Users/roger/pico/pico-sdk/src/rp2_common/pico_divider/divider.S.obj
                0x000000001000365c                __wrap___aeabi_idivmod
                0x000000001000365c                divmod_s32s32
                0x000000001000365c                div_s32s32
                0x000000001000365c                __wrap___aeabi_idiv
                0x0000000010003664                divmod_s32s32_unsafe
                0x0000000010003690                divmod_s32s32_savestate
 .text.__wrap___aeabi_uidiv
                0x00000000100036ac       0x4c CMakeFiles/nrf24joystick.dir/Users/roger/pico/pico-sdk/src/rp2_common/pico_divider/divider.S.obj
                0x00000000100036ac                __wrap___aeabi_uidiv
                0x00000000100036ac                __wrap___aeabi_uidivmod
                0x00000000100036ac                div_u32u32
                0x00000000100036ac                divmod_u32u32
                0x00000000100036b4                divmod_u32u32_unsafe
                0x00000000100036dc                divmod_u32u32_savestate
 .text.__wrap___aeabi_ldiv
                0x00000000100036f8      0x434 CMakeFiles/nrf24joystick.dir/Users/roger/pico/pico-sdk/src/rp2_common/pico_divider/divider.S.obj
                0x00000000100036f8                __wrap___aeabi_ldivmod
                0x00000000100036f8                div_s64s64
                0x00000000100036f8                divmod_s64s64
                0x0000000010003730                divmod_u64u64
                0x0000000010003730                div_u64u64
                0x0000000010003730                __wrap___aeabi_uldivmod
                0x0000000010003740                divmod_u64u64_savestate
                0x0000000010003768                divmod_s64s64_unsafe
                0x00000000100037f0                divmod_u64u64_unsafe
 .text.__wrap___aeabi_darithmetic
                0x0000000010003b2c       0x80 CMakeFiles/nrf24joystick.dir/Users/roger/pico/pico-sdk/src/rp2_common/pico_double/double_aeabi.S.obj
                0x0000000010003b2c                __wrap___aeabi_drsub
                0x0000000010003b32                __wrap___aeabi_dsub
                0x0000000010003b44                __wrap___aeabi_dadd
                0x0000000010003b56                __wrap___aeabi_ddiv
                0x0000000010003b92                __wrap___aeabi_dmul
 .text.__wrap___aeabi_cdcmple
                0x0000000010003bac       0x6c CMakeFiles/nrf24joystick.dir/Users/roger/pico/pico-sdk/src/rp2_common/pico_double/double_aeabi.S.obj
                0x0000000010003bac                __wrap___aeabi_cdrcmple
                0x0000000010003bbc                __wrap___aeabi_cdcmple
                0x0000000010003bbc                __wrap___aeabi_cdcmpeq
 .text.__wrap___aeabi_dcmplt
                0x0000000010003c18        0xc CMakeFiles/nrf24joystick.dir/Users/roger/pico/pico-sdk/src/rp2_common/pico_double/double_aeabi.S.obj
                0x0000000010003c18                __wrap___aeabi_dcmplt
 .text.__wrap___aeabi_dcmple
                0x0000000010003c24       0x10 CMakeFiles/nrf24joystick.dir/Users/roger/pico/pico-sdk/src/rp2_common/pico_double/double_aeabi.S.obj
                0x0000000010003c24                __wrap___aeabi_dcmple
 .text.__wrap___aeabi_dcmpge
                0x0000000010003c34       0x10 CMakeFiles/nrf24joystick.dir/Users/roger/pico/pico-sdk/src/rp2_common/pico_double/double_aeabi.S.obj
                0x0000000010003c34                __wrap___aeabi_dcmpge
 .text.__wrap___aeabi_dcmpgt
                0x0000000010003c44        0xa CMakeFiles/nrf24joystick.dir/Users/roger/pico/pico-sdk/src/rp2_common/pico_double/double_aeabi.S.obj
                0x0000000010003c44                __wrap___aeabi_dcmpgt
 .text.__wrap___aeabi_dcmpun
                0x0000000010003c4e       0x1c CMakeFiles/nrf24joystick.dir/Users/roger/pico/pico-sdk/src/rp2_common/pico_double/double_aeabi.S.obj
                0x0000000010003c4e                __wrap___aeabi_dcmpun
 *fill*         0x0000000010003c6a        0x2 
 .text.__wrap___aeabi_i2d
                0x0000000010003c6c       0x38 CMakeFiles/nrf24joystick.dir/Users/roger/pico/pico-sdk/src/rp2_common/pico_double/double_aeabi.S.obj
                0x0000000010003c6c                __wrap___aeabi_ui2d
                0x0000000010003c74                __wrap___aeabi_i2d
 .text.__wrap___aeabi_d2iz
                0x0000000010003ca4       0x48 CMakeFiles/nrf24joystick.dir/Users/roger/pico/pico-sdk/src/rp2_common/pico_double/double_aeabi.S.obj
                0x0000000010003ca4                __wrap___aeabi_d2iz
                0x0000000010003ca4                double2int_z
 .text.__wrap___aeabi_d2uiz
                0x0000000010003cec       0x18 CMakeFiles/nrf24joystick.dir/Users/roger/pico/pico-sdk/src/rp2_common/pico_double/double_aeabi.S.obj
                0x0000000010003cec                double2uint
                0x0000000010003cec                __wrap___aeabi_d2uiz
 .text.__aeabi_double_init
                0x0000000010003d04       0x94 CMakeFiles/nrf24joystick.dir/Users/roger/pico/pico-sdk/src/rp2_common/pico_double/double_init_rom.c.obj
                0x0000000010003d04                __aeabi_double_init
 .text.double_table_shim_on_use_helper
                0x0000000010003d98       0x2c CMakeFiles/nrf24joystick.dir/Users/roger/pico/pico-sdk/src/rp2_common/pico_double/double_v1_rom_shim.S.obj
                0x0000000010003d98                double_table_shim_on_use_helper
 .text.__wrap___aeabi_dsub
                0x0000000010003dc4       0x10 CMakeFiles/nrf24joystick.dir/Users/roger/pico/pico-sdk/src/rp2_common/pico_double/double_v1_rom_shim.S.obj
                0x0000000010003dc4                drsub_shim
                0x0000000010003dca                dsub_shim
 .text.dadd_shim
                0x0000000010003dd4      0x15c CMakeFiles/nrf24joystick.dir/Users/roger/pico/pico-sdk/src/rp2_common/pico_double/double_v1_rom_shim.S.obj
                0x0000000010003dd4                dadd_shim
 .text.dmul_shim
                0x0000000010003f30      0x15c CMakeFiles/nrf24joystick.dir/Users/roger/pico/pico-sdk/src/rp2_common/pico_double/double_v1_rom_shim.S.obj
                0x0000000010003f30                dmul_shim
 .text.ddiv_shim
                0x000000001000408c      0x1b0 CMakeFiles/nrf24joystick.dir/Users/roger/pico/pico-sdk/src/rp2_common/pico_double/double_v1_rom_shim.S.obj
                0x000000001000408c                ddiv_shim
 .text.double2uint_shim
                0x000000001000423c        0xe CMakeFiles/nrf24joystick.dir/Users/roger/pico/pico-sdk/src/rp2_common/pico_double/double_v1_rom_shim.S.obj
                0x000000001000423c                double2uint_shim
                0x000000001000423e                double2ufix_shim
 *fill*         0x000000001000424a        0x2 
 .text.double2uint64_shim
                0x000000001000424c       0x70 CMakeFiles/nrf24joystick.dir/Users/roger/pico/pico-sdk/src/rp2_common/pico_double/double_v1_rom_shim.S.obj
                0x000000001000424c                double2uint64_shim
                0x000000001000424e                double2ufix64_shim
                0x000000001000426e                d2fix_a
 .text.dunpacks
                0x00000000100042bc       0x3c CMakeFiles/nrf24joystick.dir/Users/roger/pico/pico-sdk/src/rp2_common/pico_double/double_v1_rom_shim.S.obj
                0x00000000100042bc                dunpacks
 .text.__aeabi_lmul
                0x00000000100042f8       0x32 CMakeFiles/nrf24joystick.dir/Users/roger/pico/pico-sdk/src/rp2_common/pico_int64_ops/pico_int64_ops_aeabi.S.obj
                0x00000000100042f8                __wrap___aeabi_lmul
 *fill*         0x000000001000432a        0x2 
 .text.__aeabi_float_init
                0x000000001000432c       0x64 CMakeFiles/nrf24joystick.dir/Users/roger/pico/pico-sdk/src/rp2_common/pico_float/float_init_rom.c.obj
                0x000000001000432c                __aeabi_float_init
 .text.float_table_shim_on_use_helper
                0x0000000010004390       0x2c CMakeFiles/nrf24joystick.dir/Users/roger/pico/pico-sdk/src/rp2_common/pico_float/float_v1_rom_shim.S.obj
                0x0000000010004390                float_table_shim_on_use_helper
 .text.__wrap_malloc
                0x00000000100043bc       0x24 CMakeFiles/nrf24joystick.dir/Users/roger/pico/pico-sdk/src/rp2_common/pico_malloc/pico_malloc.c.obj
                0x00000000100043bc                __wrap_malloc
 .text.__wrap_realloc
                0x00000000100043e0       0x24 CMakeFiles/nrf24joystick.dir/Users/roger/pico/pico-sdk/src/rp2_common/pico_malloc/pico_malloc.c.obj
                0x00000000100043e0                __wrap_realloc
 .text.__wrap_free
                0x0000000010004404        0x8 CMakeFiles/nrf24joystick.dir/Users/roger/pico/pico-sdk/src/rp2_common/pico_malloc/pico_malloc.c.obj
                0x0000000010004404                __wrap_free
 .text          0x000000001000440c       0x10 CMakeFiles/nrf24joystick.dir/Users/roger/pico/pico-sdk/src/rp2_common/pico_mem_ops/mem_ops_aeabi.S.obj
                0x000000001000440c                __aeabi_mem_init
 .text.memset   0x000000001000441c        0xc CMakeFiles/nrf24joystick.dir/Users/roger/pico/pico-sdk/src/rp2_common/pico_mem_ops/mem_ops_aeabi.S.obj
                0x000000001000441c                __wrap_memset
 .text.memcpy   0x0000000010004428        0xc CMakeFiles/nrf24joystick.dir/Users/roger/pico/pico-sdk/src/rp2_common/pico_mem_ops/mem_ops_aeabi.S.obj
                0x0000000010004428                __wrap___aeabi_memcpy
                0x0000000010004428                __wrap_memcpy
 .text._Znaj    0x0000000010004434        0x8 CMakeFiles/nrf24joystick.dir/Users/roger/pico/pico-sdk/src/rp2_common/pico_standard_link/new_delete.cpp.obj
                0x0000000010004434                operator new[](unsigned int)
 .text._ZdaPv   0x000000001000443c        0x8 CMakeFiles/nrf24joystick.dir/Users/roger/pico/pico-sdk/src/rp2_common/pico_standard_link/new_delete.cpp.obj
                0x000000001000443c                operator delete[](void*)
 .text._ZdlPvj  0x0000000010004444        0x8 CMakeFiles/nrf24joystick.dir/Users/roger/pico/pico-sdk/src/rp2_common/pico_standard_link/new_delete.cpp.obj
                0x0000000010004444                operator delete(void*, unsigned int)
 .text.stdio_out_chars_no_crlf
                0x000000001000444c       0x10 CMakeFiles/nrf24joystick.dir/Users/roger/pico/pico-sdk/src/rp2_common/pico_stdio/stdio.c.obj
 .text.stdio_out_chars_crlf
                0x000000001000445c       0xb4 CMakeFiles/nrf24joystick.dir/Users/roger/pico/pico-sdk/src/rp2_common/pico_stdio/stdio.c.obj
 .text.stdio_buffered_printer
                0x0000000010004510       0x64 CMakeFiles/nrf24joystick.dir/Users/roger/pico/pico-sdk/src/rp2_common/pico_stdio/stdio.c.obj
 .text.stdio_put_string.isra.0
                0x0000000010004574       0xfc CMakeFiles/nrf24joystick.dir/Users/roger/pico/pico-sdk/src/rp2_common/pico_stdio/stdio.c.obj
 .text.__wrap_putchar
                0x0000000010004670       0xa0 CMakeFiles/nrf24joystick.dir/Users/roger/pico/pico-sdk/src/rp2_common/pico_stdio/stdio.c.obj
                0x0000000010004670                __wrap_putchar
 .text.__wrap_puts
                0x0000000010004710       0x3c CMakeFiles/nrf24joystick.dir/Users/roger/pico/pico-sdk/src/rp2_common/pico_stdio/stdio.c.obj
                0x0000000010004710                __wrap_puts
 .text._read    0x000000001000474c       0x94 CMakeFiles/nrf24joystick.dir/Users/roger/pico/pico-sdk/src/rp2_common/pico_stdio/stdio.c.obj
                0x000000001000474c                _read
 .text._write   0x00000000100047e0       0xb0 CMakeFiles/nrf24joystick.dir/Users/roger/pico/pico-sdk/src/rp2_common/pico_stdio/stdio.c.obj
                0x00000000100047e0                _write
 .text.__wrap_vprintf
                0x0000000010004890       0xd8 CMakeFiles/nrf24joystick.dir/Users/roger/pico/pico-sdk/src/rp2_common/pico_stdio/stdio.c.obj
                0x0000000010004890                __wrap_vprintf
 .text.__wrap_printf
                0x0000000010004968       0x18 CMakeFiles/nrf24joystick.dir/Users/roger/pico/pico-sdk/src/rp2_common/pico_stdio/stdio.c.obj
                0x0000000010004968                __wrap_printf
 .text.stdio_init_all
                0x0000000010004980        0x4 CMakeFiles/nrf24joystick.dir/Users/roger/pico/pico-sdk/src/rp2_common/pico_stdio/stdio.c.obj
                0x0000000010004980                stdio_init_all
 .text.spi_init
                0x0000000010004984       0xf8 CMakeFiles/nrf24joystick.dir/Users/roger/pico/pico-sdk/src/rp2_common/hardware_spi/spi.c.obj
                0x0000000010004984                spi_init
 .text.spi_deinit
                0x0000000010004a7c       0x3c CMakeFiles/nrf24joystick.dir/Users/roger/pico/pico-sdk/src/rp2_common/hardware_spi/spi.c.obj
                0x0000000010004a7c                spi_deinit
 .text.sleep_run_from_dormant_source
                0x0000000010004ab8       0xe0 CMakeFiles/nrf24joystick.dir/Users/roger/pico/pico-extras/src/rp2_common/pico_sleep/sleep.c.obj
                0x0000000010004ab8                sleep_run_from_dormant_source
 .text.sleep_goto_dormant_until_pin
                0x0000000010004b98       0x40 CMakeFiles/nrf24joystick.dir/Users/roger/pico/pico-extras/src/rp2_common/pico_sleep/sleep.c.obj
                0x0000000010004b98                sleep_goto_dormant_until_pin
 .text.rosc_disable
                0x0000000010004bd8       0x30 CMakeFiles/nrf24joystick.dir/Users/roger/pico/pico-extras/src/rp2_common/hardware_rosc/rosc.c.obj
                0x0000000010004bd8                rosc_disable
 .text.rosc_set_dormant
                0x0000000010004c08       0x28 CMakeFiles/nrf24joystick.dir/Users/roger/pico/pico-extras/src/rp2_common/hardware_rosc/rosc.c.obj
                0x0000000010004c08                rosc_set_dormant
 .text._ZN4RF2413read_registerEhPhh
                0x0000000010004c30       0xfc CMakeFiles/nrf24joystick.dir/Users/roger/pico/lib/RF24/RF24.cpp.obj
                0x0000000010004c30                RF24::read_register(unsigned char, unsigned char*, unsigned char)
 .text._ZN4RF2413write_payloadEPKvhh
                0x0000000010004d2c      0x140 CMakeFiles/nrf24joystick.dir/Users/roger/pico/lib/RF24/RF24.cpp.obj
                0x0000000010004d2c                RF24::write_payload(void const*, unsigned char, unsigned char)
 .text._ZN4RF24C2Ettm
                0x0000000010004e6c       0x4c CMakeFiles/nrf24joystick.dir/Users/roger/pico/lib/RF24/RF24.cpp.obj
                0x0000000010004e6c                RF24::RF24(unsigned short, unsigned short, unsigned long)
                0x0000000010004e6c                RF24::RF24(unsigned short, unsigned short, unsigned long)
 .text._ZN4RF2410setChannelEh
                0x0000000010004eb8       0x58 CMakeFiles/nrf24joystick.dir/Users/roger/pico/lib/RF24/RF24.cpp.obj
                0x0000000010004eb8                RF24::setChannel(unsigned char)
 .text._ZN4RF2414setPayloadSizeEh
                0x0000000010004f10       0xa0 CMakeFiles/nrf24joystick.dir/Users/roger/pico/lib/RF24/RF24.cpp.obj
                0x0000000010004f10                RF24::setPayloadSize(unsigned char)
 .text._ZN4RF2418printPrettyDetailsEv
                0x0000000010004fb0      0x758 CMakeFiles/nrf24joystick.dir/Users/roger/pico/lib/RF24/RF24.cpp.obj
                0x0000000010004fb0                RF24::printPrettyDetails()
 .text._ZN4RF2411_init_radioEv
                0x0000000010005708      0x65c CMakeFiles/nrf24joystick.dir/Users/roger/pico/lib/RF24/RF24.cpp.obj
                0x0000000010005708                RF24::_init_radio()
 .text._ZN4RF245beginEv
                0x0000000010005d64       0x60 CMakeFiles/nrf24joystick.dir/Users/roger/pico/lib/RF24/RF24.cpp.obj
                0x0000000010005d64                RF24::begin()
 .text._ZN4RF2413stopListeningEv
                0x0000000010005dc4      0x15c CMakeFiles/nrf24joystick.dir/Users/roger/pico/lib/RF24/RF24.cpp.obj
                0x0000000010005dc4                RF24::stopListening()
 .text._ZN4RF249powerDownEv
                0x0000000010005f20       0x68 CMakeFiles/nrf24joystick.dir/Users/roger/pico/lib/RF24/RF24.cpp.obj
                0x0000000010005f20                RF24::powerDown()
 .text._ZN4RF247powerUpEv
                0x0000000010005f88       0x6c CMakeFiles/nrf24joystick.dir/Users/roger/pico/lib/RF24/RF24.cpp.obj
                0x0000000010005f88                RF24::powerUp()
 .text._ZN4RF245writeEPKvhb
                0x0000000010005ff4      0x148 CMakeFiles/nrf24joystick.dir/Users/roger/pico/lib/RF24/RF24.cpp.obj
                0x0000000010005ff4                RF24::write(void const*, unsigned char, bool)
 .text._ZN4RF245writeEPKvh
                0x000000001000613c        0xc CMakeFiles/nrf24joystick.dir/Users/roger/pico/lib/RF24/RF24.cpp.obj
                0x000000001000613c                RF24::write(void const*, unsigned char)
 .text._ZN4RF2415openWritingPipeEPKh
                0x0000000010006148      0x1bc CMakeFiles/nrf24joystick.dir/Users/roger/pico/lib/RF24/RF24.cpp.obj
                0x0000000010006148                RF24::openWritingPipe(unsigned char const*)
 .text._ZN4RF2415setAddressWidthEh
                0x0000000010006304       0xb0 CMakeFiles/nrf24joystick.dir/Users/roger/pico/lib/RF24/RF24.cpp.obj
                0x0000000010006304                RF24::setAddressWidth(unsigned char)
 .text._ZN4RF2415openReadingPipeEhPKh
                0x00000000100063b4      0x214 CMakeFiles/nrf24joystick.dir/Users/roger/pico/lib/RF24/RF24.cpp.obj
                0x00000000100063b4                RF24::openReadingPipe(unsigned char, unsigned char const*)
 .text._ZN4RF2410setPALevelEhb
                0x00000000100065c8       0xc4 CMakeFiles/nrf24joystick.dir/Users/roger/pico/lib/RF24/RF24.cpp.obj
                0x00000000100065c8                RF24::setPALevel(unsigned char, bool)
 .text.startup._GLOBAL__sub_I__ZN4RF243csnEb
                0x000000001000668c       0x10 CMakeFiles/nrf24joystick.dir/Users/roger/pico/lib/RF24/RF24.cpp.obj
 .text._ZN4GPIO4openEii
                0x000000001000669c       0x20 CMakeFiles/nrf24joystick.dir/Users/roger/pico/lib/RF24/utility/rp2/gpio.cpp.obj
                0x000000001000669c                GPIO::open(int, int)
 .text._ZN4GPIO5writeEii
                0x00000000100066bc       0x14 CMakeFiles/nrf24joystick.dir/Users/roger/pico/lib/RF24/utility/rp2/gpio.cpp.obj
                0x00000000100066bc                GPIO::write(int, int)
 .text._ZN3SPID2Ev
                0x00000000100066d0        0x4 CMakeFiles/nrf24joystick.dir/Users/roger/pico/lib/RF24/utility/rp2/spi.cpp.obj
                0x00000000100066d0                SPI::~SPI()
                0x00000000100066d0                SPI::~SPI()
 .text._ZN3SPID0Ev
                0x00000000100066d4       0x10 CMakeFiles/nrf24joystick.dir/Users/roger/pico/lib/RF24/utility/rp2/spi.cpp.obj
                0x00000000100066d4                SPI::~SPI()
 .text._ZN3SPIC2Ev
                0x00000000100066e4        0xc CMakeFiles/nrf24joystick.dir/Users/roger/pico/lib/RF24/utility/rp2/spi.cpp.obj
                0x00000000100066e4                SPI::SPI()
                0x00000000100066e4                SPI::SPI()
 .text._ZN3SPI5beginEP8spi_inst
                0x00000000100066f0       0x24 CMakeFiles/nrf24joystick.dir/Users/roger/pico/lib/RF24/utility/rp2/spi.cpp.obj
                0x00000000100066f0                SPI::begin(spi_inst*)
 .text._ZN3SPI8transferEh
                0x0000000010006714       0x2c CMakeFiles/nrf24joystick.dir/Users/roger/pico/lib/RF24/utility/rp2/spi.cpp.obj
                0x0000000010006714                SPI::transfer(unsigned char)
 .text._ZN3SPI10transfernbEPKhPhm
                0x0000000010006740       0x18 CMakeFiles/nrf24joystick.dir/Users/roger/pico/lib/RF24/utility/rp2/spi.cpp.obj
                0x0000000010006740                SPI::transfernb(unsigned char const*, unsigned char*, unsigned long)
 .text._ZN3SPI16beginTransactionEm
                0x0000000010006758       0x28 CMakeFiles/nrf24joystick.dir/Users/roger/pico/lib/RF24/utility/rp2/spi.cpp.obj
                0x0000000010006758                SPI::beginTransaction(unsigned long)
 .text._ZN3SPI14endTransactionEv
                0x0000000010006780       0x10 CMakeFiles/nrf24joystick.dir/Users/roger/pico/lib/RF24/utility/rp2/spi.cpp.obj
                0x0000000010006780                SPI::endTransaction()
 .text.__cxa_guard_acquire
                0x0000000010006790       0x38 /usr/local/Cellar/arm-none-eabi-gcc/10.3-2021.07/gcc/bin/../lib/gcc/arm-none-eabi/10.3.1/../../../../arm-none-eabi/lib/thumb/v6-m/nofp/libstdc++.a(guard.o)
                0x0000000010006790                __cxa_guard_acquire
 .text.__cxa_guard_release
                0x00000000100067c8        0x8 /usr/local/Cellar/arm-none-eabi-gcc/10.3-2021.07/gcc/bin/../lib/gcc/arm-none-eabi/10.3.1/../../../../arm-none-eabi/lib/thumb/v6-m/nofp/libstdc++.a(guard.o)
                0x00000000100067c8                __cxa_guard_release
 .text._ZN9__gnu_cxx20recursive_init_errorD2Ev
                0x00000000100067d0       0x18 /usr/local/Cellar/arm-none-eabi-gcc/10.3-2021.07/gcc/bin/../lib/gcc/arm-none-eabi/10.3.1/../../../../arm-none-eabi/lib/thumb/v6-m/nofp/libstdc++.a(guard_error.o)
                0x00000000100067d0                __gnu_cxx::recursive_init_error::~recursive_init_error()
                0x00000000100067d0                __gnu_cxx::recursive_init_error::~recursive_init_error()
 .text._ZN9__gnu_cxx20recursive_init_errorD0Ev
                0x00000000100067e8       0x20 /usr/local/Cellar/arm-none-eabi-gcc/10.3-2021.07/gcc/bin/../lib/gcc/arm-none-eabi/10.3.1/../../../../arm-none-eabi/lib/thumb/v6-m/nofp/libstdc++.a(guard_error.o)
                0x00000000100067e8                __gnu_cxx::recursive_init_error::~recursive_init_error()
 .text._ZN9__gnu_cxx20recursive_init_errorC2Ev
                0x0000000010006808        0xc /usr/local/Cellar/arm-none-eabi-gcc/10.3-2021.07/gcc/bin/../lib/gcc/arm-none-eabi/10.3.1/../../../../arm-none-eabi/lib/thumb/v6-m/nofp/libstdc++.a(guard_error.o)
                0x0000000010006808                __gnu_cxx::recursive_init_error::recursive_init_error()
                0x0000000010006808                __gnu_cxx::recursive_init_error::recursive_init_error()
 .text._ZN10__cxxabiv120__si_class_type_infoD2Ev
                0x0000000010006814       0x18 /usr/local/Cellar/arm-none-eabi-gcc/10.3-2021.07/gcc/bin/../lib/gcc/arm-none-eabi/10.3.1/../../../../arm-none-eabi/lib/thumb/v6-m/nofp/libstdc++.a(si_class_type_info.o)
                0x0000000010006814                __cxxabiv1::__si_class_type_info::~__si_class_type_info()
                0x0000000010006814                __cxxabiv1::__si_class_type_info::~__si_class_type_info()
 .text._ZN10__cxxabiv120__si_class_type_infoD0Ev
                0x000000001000682c       0x20 /usr/local/Cellar/arm-none-eabi-gcc/10.3-2021.07/gcc/bin/../lib/gcc/arm-none-eabi/10.3.1/../../../../arm-none-eabi/lib/thumb/v6-m/nofp/libstdc++.a(si_class_type_info.o)
                0x000000001000682c                __cxxabiv1::__si_class_type_info::~__si_class_type_info()
 .text._ZNK10__cxxabiv120__si_class_type_info20__do_find_public_srcEiPKvPKNS_17__class_type_infoES2_
                0x000000001000684c       0x38 /usr/local/Cellar/arm-none-eabi-gcc/10.3-2021.07/gcc/bin/../lib/gcc/arm-none-eabi/10.3.1/../../../../arm-none-eabi/lib/thumb/v6-m/nofp/libstdc++.a(si_class_type_info.o)
                0x000000001000684c                __cxxabiv1::__si_class_type_info::__do_find_public_src(int, void const*, __cxxabiv1::__class_type_info const*, void const*) const
 .text._ZNK10__cxxabiv120__si_class_type_info12__do_dyncastEiNS_17__class_type_info10__sub_kindEPKS1_PKvS4_S6_RNS1_16__dyncast_resultE
                0x0000000010006884       0x9c /usr/local/Cellar/arm-none-eabi-gcc/10.3-2021.07/gcc/bin/../lib/gcc/arm-none-eabi/10.3.1/../../../../arm-none-eabi/lib/thumb/v6-m/nofp/libstdc++.a(si_class_type_info.o)
                0x0000000010006884                __cxxabiv1::__si_class_type_info::__do_dyncast(int, __cxxabiv1::__class_type_info::__sub_kind, __cxxabiv1::__class_type_info const*, void const*, __cxxabiv1::__class_type_info const*, void const*, __cxxabiv1::__class_type_info::__dyncast_result&) const
 .text._ZNK10__cxxabiv120__si_class_type_info11__do_upcastEPKNS_17__class_type_infoEPKvRNS1_15__upcast_resultE
                0x0000000010006920       0x24 /usr/local/Cellar/arm-none-eabi-gcc/10.3-2021.07/gcc/bin/../lib/gcc/arm-none-eabi/10.3.1/../../../../arm-none-eabi/lib/thumb/v6-m/nofp/libstdc++.a(si_class_type_info.o)
                0x0000000010006920                __cxxabiv1::__si_class_type_info::__do_upcast(__cxxabiv1::__class_type_info const*, void const*, __cxxabiv1::__class_type_info::__upcast_result&) const
 .text._ZNSt9type_infoD2Ev
                0x0000000010006944        0x4 /usr/local/Cellar/arm-none-eabi-gcc/10.3-2021.07/gcc/bin/../lib/gcc/arm-none-eabi/10.3.1/../../../../arm-none-eabi/lib/thumb/v6-m/nofp/libstdc++.a(tinfo.o)
                0x0000000010006944                std::type_info::~type_info()
                0x0000000010006944                std::type_info::~type_info()
 .text._ZNKSt9type_info14__is_pointer_pEv
                0x0000000010006948        0x4 /usr/local/Cellar/arm-none-eabi-gcc/10.3-2021.07/gcc/bin/../lib/gcc/arm-none-eabi/10.3.1/../../../../arm-none-eabi/lib/thumb/v6-m/nofp/libstdc++.a(tinfo.o)
                0x0000000010006948                std::type_info::__is_function_p() const
                0x0000000010006948                std::type_info::__is_pointer_p() const
 .text._ZNKSt9type_infoeqERKS_
                0x000000001000694c       0x30 /usr/local/Cellar/arm-none-eabi-gcc/10.3-2021.07/gcc/bin/../lib/gcc/arm-none-eabi/10.3.1/../../../../arm-none-eabi/lib/thumb/v6-m/nofp/libstdc++.a(tinfo.o)
                0x000000001000694c                std::type_info::operator==(std::type_info const&) const
 .text._ZNK10__cxxabiv117__class_type_info11__do_upcastEPKS0_PPv
                0x000000001000697c       0x34 /usr/local/Cellar/arm-none-eabi-gcc/10.3-2021.07/gcc/bin/../lib/gcc/arm-none-eabi/10.3.1/../../../../arm-none-eabi/lib/thumb/v6-m/nofp/libstdc++.a(class_type_info.o)
                0x000000001000697c                __cxxabiv1::__class_type_info::__do_upcast(__cxxabiv1::__class_type_info const*, void**) const
 .text._ZNK10__cxxabiv117__class_type_info20__do_find_public_srcEiPKvPKS0_S2_
                0x00000000100069b0       0x14 /usr/local/Cellar/arm-none-eabi-gcc/10.3-2021.07/gcc/bin/../lib/gcc/arm-none-eabi/10.3.1/../../../../arm-none-eabi/lib/thumb/v6-m/nofp/libstdc++.a(class_type_info.o)
                0x00000000100069b0                __cxxabiv1::__class_type_info::__do_find_public_src(int, void const*, __cxxabiv1::__class_type_info const*, void const*) const
 .text._ZN10__cxxabiv117__class_type_infoD2Ev
                0x00000000100069c4       0x18 /usr/local/Cellar/arm-none-eabi-gcc/10.3-2021.07/gcc/bin/../lib/gcc/arm-none-eabi/10.3.1/../../../../arm-none-eabi/lib/thumb/v6-m/nofp/libstdc++.a(class_type_info.o)
                0x00000000100069c4                __cxxabiv1::__class_type_info::~__class_type_info()
                0x00000000100069c4                __cxxabiv1::__class_type_info::~__class_type_info()
 .text._ZN10__cxxabiv117__class_type_infoD0Ev
                0x00000000100069dc       0x20 /usr/local/Cellar/arm-none-eabi-gcc/10.3-2021.07/gcc/bin/../lib/gcc/arm-none-eabi/10.3.1/../../../../arm-none-eabi/lib/thumb/v6-m/nofp/libstdc++.a(class_type_info.o)
                0x00000000100069dc                __cxxabiv1::__class_type_info::~__class_type_info()
 .text._ZNK10__cxxabiv117__class_type_info12__do_dyncastEiNS0_10__sub_kindEPKS0_PKvS3_S5_RNS0_16__dyncast_resultE
                0x00000000100069fc       0x40 /usr/local/Cellar/arm-none-eabi-gcc/10.3-2021.07/gcc/bin/../lib/gcc/arm-none-eabi/10.3.1/../../../../arm-none-eabi/lib/thumb/v6-m/nofp/libstdc++.a(class_type_info.o)
                0x00000000100069fc                __cxxabiv1::__class_type_info::__do_dyncast(int, __cxxabiv1::__class_type_info::__sub_kind, __cxxabiv1::__class_type_info const*, void const*, __cxxabiv1::__class_type_info const*, void const*, __cxxabiv1::__class_type_info::__dyncast_result&) const
 .text._ZNK10__cxxabiv117__class_type_info11__do_upcastEPKS0_PKvRNS0_15__upcast_resultE
                0x0000000010006a3c       0x1c /usr/local/Cellar/arm-none-eabi-gcc/10.3-2021.07/gcc/bin/../lib/gcc/arm-none-eabi/10.3.1/../../../../arm-none-eabi/lib/thumb/v6-m/nofp/libstdc++.a(class_type_info.o)
                0x0000000010006a3c                __cxxabiv1::__class_type_info::__do_upcast(__cxxabiv1::__class_type_info const*, void const*, __cxxabiv1::__class_type_info::__upcast_result&) const
 .text._ZNK10__cxxabiv117__class_type_info10__do_catchEPKSt9type_infoPPvj
                0x0000000010006a58       0x24 /usr/local/Cellar/arm-none-eabi-gcc/10.3-2021.07/gcc/bin/../lib/gcc/arm-none-eabi/10.3.1/../../../../arm-none-eabi/lib/thumb/v6-m/nofp/libstdc++.a(class_type_info.o)
                0x0000000010006a58                __cxxabiv1::__class_type_info::__do_catch(std::type_info const*, void**, unsigned int) const
 .text._ZN12_GLOBAL__N_14pool4freeEPv.constprop.0
                0x0000000010006a7c       0x78 /usr/local/Cellar/arm-none-eabi-gcc/10.3-2021.07/gcc/bin/../lib/gcc/arm-none-eabi/10.3.1/../../../../arm-none-eabi/lib/thumb/v6-m/nofp/libstdc++.a(eh_alloc.o)
 .text._ZN12_GLOBAL__N_14pool8allocateEj.constprop.0
                0x0000000010006af4       0x54 /usr/local/Cellar/arm-none-eabi-gcc/10.3-2021.07/gcc/bin/../lib/gcc/arm-none-eabi/10.3.1/../../../../arm-none-eabi/lib/thumb/v6-m/nofp/libstdc++.a(eh_alloc.o)
 .text.__cxa_allocate_exception
                0x0000000010006b48       0x2c /usr/local/Cellar/arm-none-eabi-gcc/10.3-2021.07/gcc/bin/../lib/gcc/arm-none-eabi/10.3.1/../../../../arm-none-eabi/lib/thumb/v6-m/nofp/libstdc++.a(eh_alloc.o)
                0x0000000010006b48                __cxa_allocate_exception
 .text.__cxa_free_exception
                0x0000000010006b74       0x24 /usr/local/Cellar/arm-none-eabi-gcc/10.3-2021.07/gcc/bin/../lib/gcc/arm-none-eabi/10.3.1/../../../../arm-none-eabi/lib/thumb/v6-m/nofp/libstdc++.a(eh_alloc.o)
                0x0000000010006b74                __cxa_free_exception
 .text.startup._GLOBAL__sub_I__ZN9__gnu_cxx9__freeresEv
                0x0000000010006b98       0x2c /usr/local/Cellar/arm-none-eabi-gcc/10.3-2021.07/gcc/bin/../lib/gcc/arm-none-eabi/10.3.1/../../../../arm-none-eabi/lib/thumb/v6-m/nofp/libstdc++.a(eh_alloc.o)
 .text._ZNSt9exceptionD2Ev
                0x0000000010006bc4        0x4 /usr/local/Cellar/arm-none-eabi-gcc/10.3-2021.07/gcc/bin/../lib/gcc/arm-none-eabi/10.3.1/../../../../arm-none-eabi/lib/thumb/v6-m/nofp/libstdc++.a(eh_exception.o)
                0x0000000010006bc4                std::exception::~exception()
                0x0000000010006bc4                std::exception::~exception()
 .text._ZNSt13bad_exceptionD2Ev
                0x0000000010006bc8        0x4 /usr/local/Cellar/arm-none-eabi-gcc/10.3-2021.07/gcc/bin/../lib/gcc/arm-none-eabi/10.3.1/../../../../arm-none-eabi/lib/thumb/v6-m/nofp/libstdc++.a(eh_exception.o)
                0x0000000010006bc8                std::bad_exception::~bad_exception()
                0x0000000010006bc8                std::bad_exception::~bad_exception()
 .text._ZNKSt9exception4whatEv
                0x0000000010006bcc        0x8 /usr/local/Cellar/arm-none-eabi-gcc/10.3-2021.07/gcc/bin/../lib/gcc/arm-none-eabi/10.3.1/../../../../arm-none-eabi/lib/thumb/v6-m/nofp/libstdc++.a(eh_exception.o)
                0x0000000010006bcc                transaction clone for std::exception::what() const
                0x0000000010006bcc                std::exception::what() const
 .text._ZNKSt13bad_exception4whatEv
                0x0000000010006bd4        0x8 /usr/local/Cellar/arm-none-eabi-gcc/10.3-2021.07/gcc/bin/../lib/gcc/arm-none-eabi/10.3.1/../../../../arm-none-eabi/lib/thumb/v6-m/nofp/libstdc++.a(eh_exception.o)
                0x0000000010006bd4                transaction clone for std::bad_exception::what() const
                0x0000000010006bd4                std::bad_exception::what() const
 .text._ZNSt13bad_exceptionD0Ev
                0x0000000010006bdc       0x10 /usr/local/Cellar/arm-none-eabi-gcc/10.3-2021.07/gcc/bin/../lib/gcc/arm-none-eabi/10.3.1/../../../../arm-none-eabi/lib/thumb/v6-m/nofp/libstdc++.a(eh_exception.o)
                0x0000000010006bdc                std::bad_exception::~bad_exception()
 .text._ZN10__cxxabiv111__terminateEPFvvE
                0x0000000010006bec       0x28 /usr/local/Cellar/arm-none-eabi-gcc/10.3-2021.07/gcc/bin/../lib/gcc/arm-none-eabi/10.3.1/../../../../arm-none-eabi/lib/thumb/v6-m/nofp/libstdc++.a(eh_terminate.o)
                0x0000000010006bec                __cxxabiv1::__terminate(void (*)())
 .text._ZSt9terminatev
                0x0000000010006c14       0x10 /usr/local/Cellar/arm-none-eabi-gcc/10.3-2021.07/gcc/bin/../lib/gcc/arm-none-eabi/10.3.1/../../../../arm-none-eabi/lib/thumb/v6-m/nofp/libstdc++.a(eh_terminate.o)
                0x0000000010006c14                std::terminate()
 .text._ZN10__cxxabiv112__unexpectedEPFvvE
                0x0000000010006c24        0x8 /usr/local/Cellar/arm-none-eabi-gcc/10.3-2021.07/gcc/bin/../lib/gcc/arm-none-eabi/10.3.1/../../../../arm-none-eabi/lib/thumb/v6-m/nofp/libstdc++.a(eh_terminate.o)
                0x0000000010006c24                __cxxabiv1::__unexpected(void (*)())
 .text._ZSt10unexpectedv
                0x0000000010006c2c       0x10 /usr/local/Cellar/arm-none-eabi-gcc/10.3-2021.07/gcc/bin/../lib/gcc/arm-none-eabi/10.3.1/../../../../arm-none-eabi/lib/thumb/v6-m/nofp/libstdc++.a(eh_terminate.o)
                0x0000000010006c2c                std::unexpected()
 .text._ZSt13get_terminatev
                0x0000000010006c3c        0xc /usr/local/Cellar/arm-none-eabi-gcc/10.3-2021.07/gcc/bin/../lib/gcc/arm-none-eabi/10.3.1/../../../../arm-none-eabi/lib/thumb/v6-m/nofp/libstdc++.a(eh_terminate.o)
                0x0000000010006c3c                std::get_terminate()
 .text._ZSt14get_unexpectedv
                0x0000000010006c48        0xc /usr/local/Cellar/arm-none-eabi-gcc/10.3-2021.07/gcc/bin/../lib/gcc/arm-none-eabi/10.3.1/../../../../arm-none-eabi/lib/thumb/v6-m/nofp/libstdc++.a(eh_terminate.o)
                0x0000000010006c48                std::get_unexpected()
 .text._ZL23__gxx_exception_cleanup19_Unwind_Reason_CodeP21_Unwind_Control_Block
                0x0000000010006c54       0x34 /usr/local/Cellar/arm-none-eabi-gcc/10.3-2021.07/gcc/bin/../lib/gcc/arm-none-eabi/10.3.1/../../../../arm-none-eabi/lib/thumb/v6-m/nofp/libstdc++.a(eh_throw.o)
 .text.__cxa_init_primary_exception
                0x0000000010006c88       0x4c /usr/local/Cellar/arm-none-eabi-gcc/10.3-2021.07/gcc/bin/../lib/gcc/arm-none-eabi/10.3.1/../../../../arm-none-eabi/lib/thumb/v6-m/nofp/libstdc++.a(eh_throw.o)
                0x0000000010006c88                __cxa_init_primary_exception
 .text.__cxa_throw
                0x0000000010006cd4       0x34 /usr/local/Cellar/arm-none-eabi-gcc/10.3-2021.07/gcc/bin/../lib/gcc/arm-none-eabi/10.3.1/../../../../arm-none-eabi/lib/thumb/v6-m/nofp/libstdc++.a(eh_throw.o)
                0x0000000010006cd4                __cxa_throw
 .text.__cxa_rethrow
                0x0000000010006d08       0x70 /usr/local/Cellar/arm-none-eabi-gcc/10.3-2021.07/gcc/bin/../lib/gcc/arm-none-eabi/10.3.1/../../../../arm-none-eabi/lib/thumb/v6-m/nofp/libstdc++.a(eh_throw.o)
                0x0000000010006d08                __cxa_rethrow
 .text._ZN9__gnu_cxx27__verbose_terminate_handlerEv
                0x0000000010006d78      0x114 /usr/local/Cellar/arm-none-eabi-gcc/10.3-2021.07/gcc/bin/../lib/gcc/arm-none-eabi/10.3.1/../../../../arm-none-eabi/lib/thumb/v6-m/nofp/libstdc++.a(vterminate.o)
                0x0000000010006d78                __gnu_cxx::__verbose_terminate_handler()
 .text          0x0000000010006e8c     0x67e4 /usr/local/Cellar/arm-none-eabi-gcc/10.3-2021.07/gcc/bin/../lib/gcc/arm-none-eabi/10.3.1/../../../../arm-none-eabi/lib/thumb/v6-m/nofp/libstdc++.a(cp-demangle.o)
                0x000000001000d57c                __cxa_demangle
                0x000000001000d650                __gcclibcxx_demangle_callback
 .text.__cxa_end_cleanup
                0x000000001000d670        0xc /usr/local/Cellar/arm-none-eabi-gcc/10.3-2021.07/gcc/bin/../lib/gcc/arm-none-eabi/10.3.1/../../../../arm-none-eabi/lib/thumb/v6-m/nofp/libstdc++.a(eh_arm.o)
                0x000000001000d670                __cxa_end_cleanup
 .text.__cxa_type_match
                0x000000001000d67c       0xc0 /usr/local/Cellar/arm-none-eabi-gcc/10.3-2021.07/gcc/bin/../lib/gcc/arm-none-eabi/10.3.1/../../../../arm-none-eabi/lib/thumb/v6-m/nofp/libstdc++.a(eh_arm.o)
                0x000000001000d67c                __cxa_type_match
 .text.__cxa_begin_cleanup
                0x000000001000d73c       0x60 /usr/local/Cellar/arm-none-eabi-gcc/10.3-2021.07/gcc/bin/../lib/gcc/arm-none-eabi/10.3.1/../../../../arm-none-eabi/lib/thumb/v6-m/nofp/libstdc++.a(eh_arm.o)
                0x000000001000d73c                __cxa_begin_cleanup
 .text.__gnu_end_cleanup
                0x000000001000d79c       0x70 /usr/local/Cellar/arm-none-eabi-gcc/10.3-2021.07/gcc/bin/../lib/gcc/arm-none-eabi/10.3.1/../../../../arm-none-eabi/lib/thumb/v6-m/nofp/libstdc++.a(eh_arm.o)
                0x000000001000d79c                __gnu_end_cleanup
 .text._ZN10__cxxabiv1L24__is_gxx_exception_classEPc
                0x000000001000d80c       0x3c /usr/local/Cellar/arm-none-eabi-gcc/10.3-2021.07/gcc/bin/../lib/gcc/arm-none-eabi/10.3.1/../../../../arm-none-eabi/lib/thumb/v6-m/nofp/libstdc++.a(eh_call.o)
 .text.__cxa_call_terminate
                0x000000001000d848       0x20 /usr/local/Cellar/arm-none-eabi-gcc/10.3-2021.07/gcc/bin/../lib/gcc/arm-none-eabi/10.3.1/../../../../arm-none-eabi/lib/thumb/v6-m/nofp/libstdc++.a(eh_call.o)
                0x000000001000d848                __cxa_call_terminate
 .text.unlikely.__cxa_call_unexpected
                0x000000001000d868      0x100 /usr/local/Cellar/arm-none-eabi-gcc/10.3-2021.07/gcc/bin/../lib/gcc/arm-none-eabi/10.3.1/../../../../arm-none-eabi/lib/thumb/v6-m/nofp/libstdc++.a(eh_call.o)
                0x000000001000d868                __cxa_call_unexpected
 .text.__cxa_begin_catch
                0x000000001000d968       0x74 /usr/local/Cellar/arm-none-eabi-gcc/10.3-2021.07/gcc/bin/../lib/gcc/arm-none-eabi/10.3.1/../../../../arm-none-eabi/lib/thumb/v6-m/nofp/libstdc++.a(eh_catch.o)
                0x000000001000d968                __cxa_begin_catch
 .text.__cxa_end_catch
                0x000000001000d9dc       0x90 /usr/local/Cellar/arm-none-eabi-gcc/10.3-2021.07/gcc/bin/../lib/gcc/arm-none-eabi/10.3.1/../../../../arm-none-eabi/lib/thumb/v6-m/nofp/libstdc++.a(eh_catch.o)
                0x000000001000d9dc                __cxa_end_catch
 .text.__cxa_get_globals_fast
                0x000000001000da6c        0x8 /usr/local/Cellar/arm-none-eabi-gcc/10.3-2021.07/gcc/bin/../lib/gcc/arm-none-eabi/10.3.1/../../../../arm-none-eabi/lib/thumb/v6-m/nofp/libstdc++.a(eh_globals.o)
                0x000000001000da6c                __cxa_get_globals_fast
 .text.__cxa_get_globals
                0x000000001000da74        0x8 /usr/local/Cellar/arm-none-eabi-gcc/10.3-2021.07/gcc/bin/../lib/gcc/arm-none-eabi/10.3.1/../../../../arm-none-eabi/lib/thumb/v6-m/nofp/libstdc++.a(eh_globals.o)
                0x000000001000da74                __cxa_get_globals
 .text._ZL28read_encoded_value_with_basehjPKhPj
                0x000000001000da7c      0x114 /usr/local/Cellar/arm-none-eabi-gcc/10.3-2021.07/gcc/bin/../lib/gcc/arm-none-eabi/10.3.1/../../../../arm-none-eabi/lib/thumb/v6-m/nofp/libstdc++.a(eh_personality.o)
 .text._ZL21base_of_encoded_valuehP15_Unwind_Context
                0x000000001000db90       0x48 /usr/local/Cellar/arm-none-eabi-gcc/10.3-2021.07/gcc/bin/../lib/gcc/arm-none-eabi/10.3.1/../../../../arm-none-eabi/lib/thumb/v6-m/nofp/libstdc++.a(eh_personality.o)
 .text._ZL17parse_lsda_headerP15_Unwind_ContextPKhP16lsda_header_info
                0x000000001000dbd8       0x98 /usr/local/Cellar/arm-none-eabi-gcc/10.3-2021.07/gcc/bin/../lib/gcc/arm-none-eabi/10.3.1/../../../../arm-none-eabi/lib/thumb/v6-m/nofp/libstdc++.a(eh_personality.o)
 .text.__gxx_personality_v0
                0x000000001000dc70      0x4c8 /usr/local/Cellar/arm-none-eabi-gcc/10.3-2021.07/gcc/bin/../lib/gcc/arm-none-eabi/10.3.1/../../../../arm-none-eabi/lib/thumb/v6-m/nofp/libstdc++.a(eh_personality.o)
                0x000000001000dc70                __gxx_personality_v0
 .text.__cxa_current_exception_type
                0x000000001000e138       0x20 /usr/local/Cellar/arm-none-eabi-gcc/10.3-2021.07/gcc/bin/../lib/gcc/arm-none-eabi/10.3.1/../../../../arm-none-eabi/lib/thumb/v6-m/nofp/libstdc++.a(eh_type.o)
                0x000000001000e138                __cxa_current_exception_type
 .text.abort    0x000000001000e158       0x10 /usr/local/Cellar/arm-none-eabi-gcc/10.3-2021.07/gcc/bin/../lib/gcc/arm-none-eabi/10.3.1/../../../../arm-none-eabi/lib/thumb/v6-m/nofp/libc.a(lib_a-abort.o)
                0x000000001000e158                abort
 .text.fputc    0x000000001000e168       0x58 /usr/local/Cellar/arm-none-eabi-gcc/10.3-2021.07/gcc/bin/../lib/gcc/arm-none-eabi/10.3.1/../../../../arm-none-eabi/lib/thumb/v6-m/nofp/libc.a(lib_a-fputc.o)
                0x000000001000e168                fputc
 .text._fputs_r
                0x000000001000e1c0       0x8c /usr/local/Cellar/arm-none-eabi-gcc/10.3-2021.07/gcc/bin/../lib/gcc/arm-none-eabi/10.3.1/../../../../arm-none-eabi/lib/thumb/v6-m/nofp/libc.a(lib_a-fputs.o)
                0x000000001000e1c0                _fputs_r
 .text.fputs    0x000000001000e24c       0x18 /usr/local/Cellar/arm-none-eabi-gcc/10.3-2021.07/gcc/bin/../lib/gcc/arm-none-eabi/10.3.1/../../../../arm-none-eabi/lib/thumb/v6-m/nofp/libc.a(lib_a-fputs.o)
                0x000000001000e24c                fputs
 .text.__sfvwrite_r
                0x000000001000e264      0x2f4 /usr/local/Cellar/arm-none-eabi-gcc/10.3-2021.07/gcc/bin/../lib/gcc/arm-none-eabi/10.3.1/../../../../arm-none-eabi/lib/thumb/v6-m/nofp/libc.a(lib_a-fvwrite.o)
                0x000000001000e264                __sfvwrite_r
 .text._fwrite_r
                0x000000001000e558       0xb0 /usr/local/Cellar/arm-none-eabi-gcc/10.3-2021.07/gcc/bin/../lib/gcc/arm-none-eabi/10.3.1/../../../../arm-none-eabi/lib/thumb/v6-m/nofp/libc.a(lib_a-fwrite.o)
                0x000000001000e558                _fwrite_r
 .text.fwrite   0x000000001000e608       0x20 /usr/local/Cellar/arm-none-eabi-gcc/10.3-2021.07/gcc/bin/../lib/gcc/arm-none-eabi/10.3.1/../../../../arm-none-eabi/lib/thumb/v6-m/nofp/libc.a(lib_a-fwrite.o)
                0x000000001000e608                fwrite
 .text.__retarget_lock_init_recursive
                0x000000001000e628        0x4 /usr/local/Cellar/arm-none-eabi-gcc/10.3-2021.07/gcc/bin/../lib/gcc/arm-none-eabi/10.3.1/../../../../arm-none-eabi/lib/thumb/v6-m/nofp/libc.a(lib_a-lock.o)
                0x000000001000e628                __retarget_lock_init_recursive
 .text.__retarget_lock_close_recursive
                0x000000001000e62c        0x4 /usr/local/Cellar/arm-none-eabi-gcc/10.3-2021.07/gcc/bin/../lib/gcc/arm-none-eabi/10.3.1/../../../../arm-none-eabi/lib/thumb/v6-m/nofp/libc.a(lib_a-lock.o)
                0x000000001000e62c                __retarget_lock_close_recursive
 .text.__retarget_lock_acquire_recursive
                0x000000001000e630        0x4 /usr/local/Cellar/arm-none-eabi-gcc/10.3-2021.07/gcc/bin/../lib/gcc/arm-none-eabi/10.3.1/../../../../arm-none-eabi/lib/thumb/v6-m/nofp/libc.a(lib_a-lock.o)
                0x000000001000e630                __retarget_lock_acquire_recursive
 .text.__retarget_lock_release_recursive
                0x000000001000e634        0x4 /usr/local/Cellar/arm-none-eabi-gcc/10.3-2021.07/gcc/bin/../lib/gcc/arm-none-eabi/10.3.1/../../../../arm-none-eabi/lib/thumb/v6-m/nofp/libc.a(lib_a-lock.o)
                0x000000001000e634                __retarget_lock_release_recursive
 .text.malloc   0x000000001000e638       0x14 /usr/local/Cellar/arm-none-eabi-gcc/10.3-2021.07/gcc/bin/../lib/gcc/arm-none-eabi/10.3.1/../../../../arm-none-eabi/lib/thumb/v6-m/nofp/libc.a(lib_a-malloc.o)
                0x000000001000e638                malloc
 .text.free     0x000000001000e64c       0x14 /usr/local/Cellar/arm-none-eabi-gcc/10.3-2021.07/gcc/bin/../lib/gcc/arm-none-eabi/10.3.1/../../../../arm-none-eabi/lib/thumb/v6-m/nofp/libc.a(lib_a-malloc.o)
                0x000000001000e64c                free
 .text._malloc_r
                0x000000001000e660      0x584 /usr/local/Cellar/arm-none-eabi-gcc/10.3-2021.07/gcc/bin/../lib/gcc/arm-none-eabi/10.3.1/../../../../arm-none-eabi/lib/thumb/v6-m/nofp/libc.a(lib_a-mallocr.o)
                0x000000001000e660                _malloc_r
 .text.__malloc_lock
                0x000000001000ebe4       0x10 /usr/local/Cellar/arm-none-eabi-gcc/10.3-2021.07/gcc/bin/../lib/gcc/arm-none-eabi/10.3.1/../../../../arm-none-eabi/lib/thumb/v6-m/nofp/libc.a(lib_a-mlock.o)
                0x000000001000ebe4                __malloc_lock
 .text.__malloc_unlock
                0x000000001000ebf4       0x10 /usr/local/Cellar/arm-none-eabi-gcc/10.3-2021.07/gcc/bin/../lib/gcc/arm-none-eabi/10.3.1/../../../../arm-none-eabi/lib/thumb/v6-m/nofp/libc.a(lib_a-mlock.o)
                0x000000001000ebf4                __malloc_unlock
 .text._putc_r  0x000000001000ec04       0x74 /usr/local/Cellar/arm-none-eabi-gcc/10.3-2021.07/gcc/bin/../lib/gcc/arm-none-eabi/10.3.1/../../../../arm-none-eabi/lib/thumb/v6-m/nofp/libc.a(lib_a-putc.o)
                0x000000001000ec04                _putc_r
 .text.realloc  0x000000001000ec78       0x18 /usr/local/Cellar/arm-none-eabi-gcc/10.3-2021.07/gcc/bin/../lib/gcc/arm-none-eabi/10.3.1/../../../../arm-none-eabi/lib/thumb/v6-m/nofp/libc.a(lib_a-realloc.o)
                0x000000001000ec78                realloc
 .text._realloc_r
                0x000000001000ec90      0x354 /usr/local/Cellar/arm-none-eabi-gcc/10.3-2021.07/gcc/bin/../lib/gcc/arm-none-eabi/10.3.1/../../../../arm-none-eabi/lib/thumb/v6-m/nofp/libc.a(lib_a-reallocr.o)
                0x000000001000ec90                _realloc_r
 .text._sbrk_r  0x000000001000efe4       0x24 /usr/local/Cellar/arm-none-eabi-gcc/10.3-2021.07/gcc/bin/../lib/gcc/arm-none-eabi/10.3.1/../../../../arm-none-eabi/lib/thumb/v6-m/nofp/libc.a(lib_a-sbrkr.o)
                0x000000001000efe4                _sbrk_r
 .text.raise    0x000000001000f008       0x60 /usr/local/Cellar/arm-none-eabi-gcc/10.3-2021.07/gcc/bin/../lib/gcc/arm-none-eabi/10.3.1/../../../../arm-none-eabi/lib/thumb/v6-m/nofp/libc.a(lib_a-signal.o)
                0x000000001000f008                raise
 .text._kill_r  0x000000001000f068       0x28 /usr/local/Cellar/arm-none-eabi-gcc/10.3-2021.07/gcc/bin/../lib/gcc/arm-none-eabi/10.3.1/../../../../arm-none-eabi/lib/thumb/v6-m/nofp/libc.a(lib_a-signalr.o)
                0x000000001000f068                _kill_r
 .text._getpid_r
                0x000000001000f090        0x8 /usr/local/Cellar/arm-none-eabi-gcc/10.3-2021.07/gcc/bin/../lib/gcc/arm-none-eabi/10.3.1/../../../../arm-none-eabi/lib/thumb/v6-m/nofp/libc.a(lib_a-signalr.o)
                0x000000001000f090                _getpid_r
 .text          0x000000001000f098       0x88 /usr/local/Cellar/arm-none-eabi-gcc/10.3-2021.07/gcc/bin/../lib/gcc/arm-none-eabi/10.3.1/../../../../arm-none-eabi/lib/thumb/v6-m/nofp/libc.a(lib_a-strcmp.o)
                0x000000001000f098                strcmp
 .text.strlen   0x000000001000f120       0x5c /usr/local/Cellar/arm-none-eabi-gcc/10.3-2021.07/gcc/bin/../lib/gcc/arm-none-eabi/10.3.1/../../../../arm-none-eabi/lib/thumb/v6-m/nofp/libc.a(lib_a-strlen-stub.o)
                0x000000001000f120                strlen
 .text.strncmp  0x000000001000f17c       0x74 /usr/local/Cellar/arm-none-eabi-gcc/10.3-2021.07/gcc/bin/../lib/gcc/arm-none-eabi/10.3.1/../../../../arm-none-eabi/lib/thumb/v6-m/nofp/libc.a(lib_a-strncmp.o)
                0x000000001000f17c                strncmp
 .text.__swbuf_r
                0x000000001000f1f0       0xc8 /usr/local/Cellar/arm-none-eabi-gcc/10.3-2021.07/gcc/bin/../lib/gcc/arm-none-eabi/10.3.1/../../../../arm-none-eabi/lib/thumb/v6-m/nofp/libc.a(lib_a-wbuf.o)
                0x000000001000f1f0                __swbuf_r
 .text._write_r
                0x000000001000f2b8       0x28 /usr/local/Cellar/arm-none-eabi-gcc/10.3-2021.07/gcc/bin/../lib/gcc/arm-none-eabi/10.3.1/../../../../arm-none-eabi/lib/thumb/v6-m/nofp/libc.a(lib_a-writer.o)
                0x000000001000f2b8                _write_r
 .text.__swsetup_r
                0x000000001000f2e0       0xdc /usr/local/Cellar/arm-none-eabi-gcc/10.3-2021.07/gcc/bin/../lib/gcc/arm-none-eabi/10.3.1/../../../../arm-none-eabi/lib/thumb/v6-m/nofp/libc.a(lib_a-wsetup.o)
                0x000000001000f2e0                __swsetup_r
 .text.__sflush_r
                0x000000001000f3bc      0x140 /usr/local/Cellar/arm-none-eabi-gcc/10.3-2021.07/gcc/bin/../lib/gcc/arm-none-eabi/10.3.1/../../../../arm-none-eabi/lib/thumb/v6-m/nofp/libc.a(lib_a-fflush.o)
                0x000000001000f3bc                __sflush_r
 .text._fflush_r
                0x000000001000f4fc       0x6c /usr/local/Cellar/arm-none-eabi-gcc/10.3-2021.07/gcc/bin/../lib/gcc/arm-none-eabi/10.3.1/../../../../arm-none-eabi/lib/thumb/v6-m/nofp/libc.a(lib_a-fflush.o)
                0x000000001000f4fc                _fflush_r
 .text._cleanup_r
                0x000000001000f568       0x10 /usr/local/Cellar/arm-none-eabi-gcc/10.3-2021.07/gcc/bin/../lib/gcc/arm-none-eabi/10.3.1/../../../../arm-none-eabi/lib/thumb/v6-m/nofp/libc.a(lib_a-findfp.o)
                0x000000001000f568                _cleanup_r
 .text.__sinit  0x000000001000f578      0x120 /usr/local/Cellar/arm-none-eabi-gcc/10.3-2021.07/gcc/bin/../lib/gcc/arm-none-eabi/10.3.1/../../../../arm-none-eabi/lib/thumb/v6-m/nofp/libc.a(lib_a-findfp.o)
                0x000000001000f578                __sinit
 .text.__sfp_lock_acquire
                0x000000001000f698       0x10 /usr/local/Cellar/arm-none-eabi-gcc/10.3-2021.07/gcc/bin/../lib/gcc/arm-none-eabi/10.3.1/../../../../arm-none-eabi/lib/thumb/v6-m/nofp/libc.a(lib_a-findfp.o)
                0x000000001000f698                __sfp_lock_acquire
 .text.__sfp_lock_release
                0x000000001000f6a8       0x10 /usr/local/Cellar/arm-none-eabi-gcc/10.3-2021.07/gcc/bin/../lib/gcc/arm-none-eabi/10.3.1/../../../../arm-none-eabi/lib/thumb/v6-m/nofp/libc.a(lib_a-findfp.o)
                0x000000001000f6a8                __sfp_lock_release
 .text._malloc_trim_r
                0x000000001000f6b8       0x9c /usr/local/Cellar/arm-none-eabi-gcc/10.3-2021.07/gcc/bin/../lib/gcc/arm-none-eabi/10.3.1/../../../../arm-none-eabi/lib/thumb/v6-m/nofp/libc.a(lib_a-freer.o)
                0x000000001000f6b8                _malloc_trim_r
 .text._free_r  0x000000001000f754      0x1c4 /usr/local/Cellar/arm-none-eabi-gcc/10.3-2021.07/gcc/bin/../lib/gcc/arm-none-eabi/10.3.1/../../../../arm-none-eabi/lib/thumb/v6-m/nofp/libc.a(lib_a-freer.o)
                0x000000001000f754                _free_r
 .text._fwalk_reent
                0x000000001000f918       0x48 /usr/local/Cellar/arm-none-eabi-gcc/10.3-2021.07/gcc/bin/../lib/gcc/arm-none-eabi/10.3.1/../../../../arm-none-eabi/lib/thumb/v6-m/nofp/libc.a(lib_a-fwalk.o)
                0x000000001000f918                _fwalk_reent
 .text.__smakebuf_r
                0x000000001000f960       0xe4 /usr/local/Cellar/arm-none-eabi-gcc/10.3-2021.07/gcc/bin/../lib/gcc/arm-none-eabi/10.3.1/../../../../arm-none-eabi/lib/thumb/v6-m/nofp/libc.a(lib_a-makebuf.o)
                0x000000001000f960                __smakebuf_r
 .text.__sread  0x000000001000fa44       0x28 /usr/local/Cellar/arm-none-eabi-gcc/10.3-2021.07/gcc/bin/../lib/gcc/arm-none-eabi/10.3.1/../../../../arm-none-eabi/lib/thumb/v6-m/nofp/libc.a(lib_a-stdio.o)
                0x000000001000fa44                __sread
 .text.__swrite
                0x000000001000fa6c       0x40 /usr/local/Cellar/arm-none-eabi-gcc/10.3-2021.07/gcc/bin/../lib/gcc/arm-none-eabi/10.3.1/../../../../arm-none-eabi/lib/thumb/v6-m/nofp/libc.a(lib_a-stdio.o)
                0x000000001000fa6c                __swrite
 .text.__sseek  0x000000001000faac       0x2c /usr/local/Cellar/arm-none-eabi-gcc/10.3-2021.07/gcc/bin/../lib/gcc/arm-none-eabi/10.3.1/../../../../arm-none-eabi/lib/thumb/v6-m/nofp/libc.a(lib_a-stdio.o)
                0x000000001000faac                __sseek
 .text.__sclose
                0x000000001000fad8        0xc /usr/local/Cellar/arm-none-eabi-gcc/10.3-2021.07/gcc/bin/../lib/gcc/arm-none-eabi/10.3.1/../../../../arm-none-eabi/lib/thumb/v6-m/nofp/libc.a(lib_a-stdio.o)
                0x000000001000fad8                __sclose
 .text._close_r
                0x000000001000fae4       0x24 /usr/local/Cellar/arm-none-eabi-gcc/10.3-2021.07/gcc/bin/../lib/gcc/arm-none-eabi/10.3.1/../../../../arm-none-eabi/lib/thumb/v6-m/nofp/libc.a(lib_a-closer.o)
                0x000000001000fae4                _close_r
 .text._fclose_r
                0x000000001000fb08       0xdc /usr/local/Cellar/arm-none-eabi-gcc/10.3-2021.07/gcc/bin/../lib/gcc/arm-none-eabi/10.3.1/../../../../arm-none-eabi/lib/thumb/v6-m/nofp/libc.a(lib_a-fclose.o)
                0x000000001000fb08                _fclose_r
 .text._fstat_r
                0x000000001000fbe4       0x28 /usr/local/Cellar/arm-none-eabi-gcc/10.3-2021.07/gcc/bin/../lib/gcc/arm-none-eabi/10.3.1/../../../../arm-none-eabi/lib/thumb/v6-m/nofp/libc.a(lib_a-fstatr.o)
                0x000000001000fbe4                _fstat_r
 .text._isatty_r
                0x000000001000fc0c       0x24 /usr/local/Cellar/arm-none-eabi-gcc/10.3-2021.07/gcc/bin/../lib/gcc/arm-none-eabi/10.3.1/../../../../arm-none-eabi/lib/thumb/v6-m/nofp/libc.a(lib_a-isattyr.o)
                0x000000001000fc0c                _isatty_r
 .text._lseek_r
                0x000000001000fc30       0x28 /usr/local/Cellar/arm-none-eabi-gcc/10.3-2021.07/gcc/bin/../lib/gcc/arm-none-eabi/10.3.1/../../../../arm-none-eabi/lib/thumb/v6-m/nofp/libc.a(lib_a-lseekr.o)
                0x000000001000fc30                _lseek_r
 .text._read_r  0x000000001000fc58       0x28 /usr/local/Cellar/arm-none-eabi-gcc/10.3-2021.07/gcc/bin/../lib/gcc/arm-none-eabi/10.3.1/../../../../arm-none-eabi/lib/thumb/v6-m/nofp/libc.a(lib_a-readr.o)
                0x000000001000fc58                _read_r
 .text._close   0x000000001000fc80       0x10 /usr/local/Cellar/arm-none-eabi-gcc/10.3-2021.07/gcc/bin/../lib/gcc/arm-none-eabi/10.3.1/../../../../arm-none-eabi/lib/thumb/v6-m/nofp/libnosys.a(close.o)
                0x000000001000fc80                _close
 .text._fstat   0x000000001000fc90       0x10 /usr/local/Cellar/arm-none-eabi-gcc/10.3-2021.07/gcc/bin/../lib/gcc/arm-none-eabi/10.3.1/../../../../arm-none-eabi/lib/thumb/v6-m/nofp/libnosys.a(fstat.o)
                0x000000001000fc90                _fstat
 .text._getpid  0x000000001000fca0       0x10 /usr/local/Cellar/arm-none-eabi-gcc/10.3-2021.07/gcc/bin/../lib/gcc/arm-none-eabi/10.3.1/../../../../arm-none-eabi/lib/thumb/v6-m/nofp/libnosys.a(getpid.o)
                0x000000001000fca0                _getpid
 .text._isatty  0x000000001000fcb0       0x10 /usr/local/Cellar/arm-none-eabi-gcc/10.3-2021.07/gcc/bin/../lib/gcc/arm-none-eabi/10.3.1/../../../../arm-none-eabi/lib/thumb/v6-m/nofp/libnosys.a(isatty.o)
                0x000000001000fcb0                _isatty
 .text._kill    0x000000001000fcc0       0x10 /usr/local/Cellar/arm-none-eabi-gcc/10.3-2021.07/gcc/bin/../lib/gcc/arm-none-eabi/10.3.1/../../../../arm-none-eabi/lib/thumb/v6-m/nofp/libnosys.a(kill.o)
                0x000000001000fcc0                _kill
 .text._lseek   0x000000001000fcd0       0x10 /usr/local/Cellar/arm-none-eabi-gcc/10.3-2021.07/gcc/bin/../lib/gcc/arm-none-eabi/10.3.1/../../../../arm-none-eabi/lib/thumb/v6-m/nofp/libnosys.a(lseek.o)
                0x000000001000fcd0                _lseek
 *(.fini)
 .fini          0x000000001000fce0        0x4 /usr/local/Cellar/arm-none-eabi-gcc/10.3-2021.07/gcc/bin/../lib/gcc/arm-none-eabi/10.3.1/thumb/v6-m/nofp/crti.o
                0x000000001000fce0                _fini
 *fill*         0x000000001000fce4        0x4 
 .fini.__stub   0x000000001000fce8      0x150 linker stubs
 *crtbegin.o(.ctors)
 *crtbegin?.o(.ctors)
 *(EXCLUDE_FILE(*crtend.o *crtend?.o) .ctors)
 *(SORT_BY_NAME(.ctors.*))
 *(.ctors)
 *crtbegin.o(.dtors)
 *crtbegin?.o(.dtors)
 *(EXCLUDE_FILE(*crtend.o *crtend?.o) .dtors)
 *(SORT_BY_NAME(.dtors.*))
 *(.dtors)
 *(.eh_frame*)
 .eh_frame      0x000000001000fe38        0x0 /usr/local/Cellar/arm-none-eabi-gcc/10.3-2021.07/gcc/bin/../lib/gcc/arm-none-eabi/10.3.1/thumb/v6-m/nofp/crtbegin.o
                0x000000001000fe38                . = ALIGN (0x4)

.glue_7         0x000000001000fe38        0x0
 .glue_7        0x000000001000fe38        0x0 linker stubs

.glue_7t        0x000000001000fe38        0x0
 .glue_7t       0x000000001000fe38        0x0 linker stubs

.vfp11_veneer   0x000000001000fe38        0x0
 .vfp11_veneer  0x000000001000fe38        0x0 linker stubs

.v4_bx          0x000000001000fe38        0x0
 .v4_bx         0x000000001000fe38        0x0 linker stubs

.iplt           0x000000001000fe38        0x0
 .iplt          0x000000001000fe38        0x0 /usr/local/Cellar/arm-none-eabi-gcc/10.3-2021.07/gcc/bin/../lib/gcc/arm-none-eabi/10.3.1/thumb/v6-m/nofp/crtbegin.o

.rodata         0x000000001000fe38     0x23bc
 *(EXCLUDE_FILE(*libm.a: *libc.a:*lib_a-mem*.o *libgcc.a:) .rodata*)
 .rodata._Z9deepSleepv.str1.4
                0x000000001000fe38       0x1b CMakeFiles/nrf24joystick.dir/nrf24joystick.cpp.obj
 *fill*         0x000000001000fe53        0x1 
 .rodata._Z5setupv.str1.4
                0x000000001000fe54       0x31 CMakeFiles/nrf24joystick.dir/nrf24joystick.cpp.obj
 *fill*         0x000000001000fe85        0x3 
 .rodata.main.str1.4
                0x000000001000fe88        0xe CMakeFiles/nrf24joystick.dir/nrf24joystick.cpp.obj
 *fill*         0x000000001000fe96        0x2 
 .rodata._ZL7address
                0x000000001000fe98       0x24 CMakeFiles/nrf24joystick.dir/nrf24joystick.cpp.obj
 .rodata._ZL9joyInPins
                0x000000001000febc        0xa CMakeFiles/nrf24joystick.dir/nrf24joystick.cpp.obj
 *fill*         0x000000001000fec6        0x2 
 .rodata.__bi_102.0
                0x000000001000fec8        0x8 CMakeFiles/nrf24joystick.dir/Users/roger/pico/pico-sdk/src/rp2_common/pico_stdlib/stdlib.c.obj
 .rodata.at_the_end_of_time
                0x000000001000fed0        0x8 CMakeFiles/nrf24joystick.dir/Users/roger/pico/pico-sdk/src/common/pico_time/time.c.obj
                0x000000001000fed0                at_the_end_of_time
 .rodata.hardware_alarm_claim.str1.4
                0x000000001000fed8       0x22 CMakeFiles/nrf24joystick.dir/Users/roger/pico/pico-sdk/src/rp2_common/hardware_timer/timer.c.obj
 *fill*         0x000000001000fefa        0x2 
 .rodata.panic.str1.4
                0x000000001000fefc       0x10 CMakeFiles/nrf24joystick.dir/Users/roger/pico/pico-sdk/src/rp2_common/pico_runtime/runtime.c.obj
                                         0x12 (size before relaxing)
 .rodata.hard_assertion_failure.str1.4
                0x000000001000ff0c        0xc CMakeFiles/nrf24joystick.dir/Users/roger/pico/pico-sdk/src/rp2_common/pico_runtime/runtime.c.obj
 .rodata._ftoa.str1.4
                0x000000001000ff18       0x15 CMakeFiles/nrf24joystick.dir/Users/roger/pico/pico-sdk/src/rp2_common/pico_printf/printf.c.obj
 *fill*         0x000000001000ff2d        0x3 
 .rodata._vsnprintf
                0x000000001000ff30      0x1e0 CMakeFiles/nrf24joystick.dir/Users/roger/pico/pico-sdk/src/rp2_common/pico_printf/printf.c.obj
 .rodata.pow10.0
                0x0000000010010110       0x50 CMakeFiles/nrf24joystick.dir/Users/roger/pico/pico-sdk/src/rp2_common/pico_printf/printf.c.obj
 .rodata.__wrap_malloc.str1.4
                0x0000000010010160        0xe CMakeFiles/nrf24joystick.dir/Users/roger/pico/pico-sdk/src/rp2_common/pico_malloc/pico_malloc.c.obj
 *fill*         0x000000001001016e        0x2 
 .rodata.str1.4
                0x0000000010010170       0x48 CMakeFiles/nrf24joystick.dir/Users/roger/pico/pico-sdk/src/rp2_common/pico_standard_link/binary_info.c.obj
 .rodata.__bi_44
                0x00000000100101b8        0xc CMakeFiles/nrf24joystick.dir/Users/roger/pico/pico-sdk/src/rp2_common/pico_standard_link/binary_info.c.obj
 .rodata.__bi_56
                0x00000000100101c4        0xc CMakeFiles/nrf24joystick.dir/Users/roger/pico/pico-sdk/src/rp2_common/pico_standard_link/binary_info.c.obj
 .rodata.__bi_75
                0x00000000100101d0        0xc CMakeFiles/nrf24joystick.dir/Users/roger/pico/pico-sdk/src/rp2_common/pico_standard_link/binary_info.c.obj
 .rodata.__bi_81
                0x00000000100101dc        0xc CMakeFiles/nrf24joystick.dir/Users/roger/pico/pico-sdk/src/rp2_common/pico_standard_link/binary_info.c.obj
 .rodata.crlf_str.0
                0x00000000100101e8        0x2 CMakeFiles/nrf24joystick.dir/Users/roger/pico/pico-sdk/src/rp2_common/pico_stdio/stdio.c.obj
 *fill*         0x00000000100101ea        0x2 
 .rodata._ZN4RF2419print_byte_registerEPKchh.constprop.0.str1.4
                0x00000000100101ec       0x12 CMakeFiles/nrf24joystick.dir/Users/roger/pico/lib/RF24/RF24.cpp.obj
 *fill*         0x00000000100101fe        0x2 
 .rodata._ZN4RF2422print_address_registerEPKchh.str1.4
                0x0000000010010200        0x9 CMakeFiles/nrf24joystick.dir/Users/roger/pico/lib/RF24/RF24.cpp.obj
 *fill*         0x0000000010010209        0x3 
 .rodata._ZN4RF2418printPrettyDetailsEv.str1.4
                0x000000001001020c      0x253 CMakeFiles/nrf24joystick.dir/Users/roger/pico/lib/RF24/RF24.cpp.obj
                                        0x255 (size before relaxing)
 *fill*         0x000000001001045f        0x1 
 .rodata._ZL10child_pipe
                0x0000000010010460        0x6 CMakeFiles/nrf24joystick.dir/Users/roger/pico/lib/RF24/RF24.cpp.obj
 *fill*         0x0000000010010466        0x2 
 .rodata._ZL17child_pipe_enable
                0x0000000010010468        0x6 CMakeFiles/nrf24joystick.dir/Users/roger/pico/lib/RF24/RF24.cpp.obj
 *fill*         0x000000001001046e        0x2 
 .rodata._ZL18rf24_model_e_str_0
                0x0000000010010470        0x9 CMakeFiles/nrf24joystick.dir/Users/roger/pico/lib/RF24/RF24.cpp.obj
 *fill*         0x0000000010010479        0x3 
 .rodata._ZL18rf24_model_e_str_1
                0x000000001001047c        0xa CMakeFiles/nrf24joystick.dir/Users/roger/pico/lib/RF24/RF24.cpp.obj
 *fill*         0x0000000010010486        0x2 
 .rodata._ZL18rf24_model_e_str_P
                0x0000000010010488        0x8 CMakeFiles/nrf24joystick.dir/Users/roger/pico/lib/RF24/RF24.cpp.obj
 .rodata._ZL19rf24_pa_dbm_e_str_0
                0x0000000010010490        0x9 CMakeFiles/nrf24joystick.dir/Users/roger/pico/lib/RF24/RF24.cpp.obj
 *fill*         0x0000000010010499        0x3 
 .rodata._ZL19rf24_pa_dbm_e_str_1
                0x000000001001049c        0x9 CMakeFiles/nrf24joystick.dir/Users/roger/pico/lib/RF24/RF24.cpp.obj
 *fill*         0x00000000100104a5        0x3 
 .rodata._ZL19rf24_pa_dbm_e_str_2
                0x00000000100104a8        0xa CMakeFiles/nrf24joystick.dir/Users/roger/pico/lib/RF24/RF24.cpp.obj
 *fill*         0x00000000100104b2        0x2 
 .rodata._ZL19rf24_pa_dbm_e_str_3
                0x00000000100104b4        0x9 CMakeFiles/nrf24joystick.dir/Users/roger/pico/lib/RF24/RF24.cpp.obj
 *fill*         0x00000000100104bd        0x3 
 .rodata._ZL19rf24_pa_dbm_e_str_P
                0x00000000100104c0       0x10 CMakeFiles/nrf24joystick.dir/Users/roger/pico/lib/RF24/RF24.cpp.obj
 .rodata._ZL20rf24_feature_e_str_P
                0x00000000100104d0       0x14 CMakeFiles/nrf24joystick.dir/Users/roger/pico/lib/RF24/RF24.cpp.obj
 .rodata._ZL21rf24_datarate_e_str_0
                0x00000000100104e4        0x9 CMakeFiles/nrf24joystick.dir/Users/roger/pico/lib/RF24/RF24.cpp.obj
 *fill*         0x00000000100104ed        0x3 
 .rodata._ZL21rf24_datarate_e_str_1
                0x00000000100104f0        0x9 CMakeFiles/nrf24joystick.dir/Users/roger/pico/lib/RF24/RF24.cpp.obj
 *fill*         0x00000000100104f9        0x3 
 .rodata._ZL21rf24_datarate_e_str_2
                0x00000000100104fc        0xb CMakeFiles/nrf24joystick.dir/Users/roger/pico/lib/RF24/RF24.cpp.obj
 *fill*         0x0000000010010507        0x1 
 .rodata._ZL21rf24_datarate_e_str_P
                0x0000000010010508        0xc CMakeFiles/nrf24joystick.dir/Users/roger/pico/lib/RF24/RF24.cpp.obj
 .rodata._ZL21rf24_feature_e_str_on
                0x0000000010010514        0xa CMakeFiles/nrf24joystick.dir/Users/roger/pico/lib/RF24/RF24.cpp.obj
 *fill*         0x000000001001051e        0x2 
 .rodata._ZL22rf24_crclength_e_str_0
                0x0000000010010520        0xb CMakeFiles/nrf24joystick.dir/Users/roger/pico/lib/RF24/RF24.cpp.obj
 *fill*         0x000000001001052b        0x1 
 .rodata._ZL22rf24_crclength_e_str_1
                0x000000001001052c        0x9 CMakeFiles/nrf24joystick.dir/Users/roger/pico/lib/RF24/RF24.cpp.obj
 *fill*         0x0000000010010535        0x3 
 .rodata._ZL22rf24_crclength_e_str_2
                0x0000000010010538        0xa CMakeFiles/nrf24joystick.dir/Users/roger/pico/lib/RF24/RF24.cpp.obj
 *fill*         0x0000000010010542        0x2 
 .rodata._ZL23rf24_feature_e_str_open
                0x0000000010010544        0x7 CMakeFiles/nrf24joystick.dir/Users/roger/pico/lib/RF24/RF24.cpp.obj
 *fill*         0x000000001001054b        0x1 
 .rodata._ZL25rf24_feature_e_str_closed
                0x000000001001054c        0x7 CMakeFiles/nrf24joystick.dir/Users/roger/pico/lib/RF24/RF24.cpp.obj
 *fill*         0x0000000010010553        0x1 
 .rodata._ZL26rf24_feature_e_str_allowed
                0x0000000010010554        0xa CMakeFiles/nrf24joystick.dir/Users/roger/pico/lib/RF24/RF24.cpp.obj
 *fill*         0x000000001001055e        0x2 
 .rodata._ZTV3SPI
                0x0000000010010560       0x10 CMakeFiles/nrf24joystick.dir/Users/roger/pico/lib/RF24/utility/rp2/spi.cpp.obj
                0x0000000010010560                vtable for SPI
 .rodata._ZTIN9__gnu_cxx20recursive_init_errorE
                0x0000000010010570        0xc /usr/local/Cellar/arm-none-eabi-gcc/10.3-2021.07/gcc/bin/../lib/gcc/arm-none-eabi/10.3.1/../../../../arm-none-eabi/lib/thumb/v6-m/nofp/libstdc++.a(guard_error.o)
                0x0000000010010570                typeinfo for __gnu_cxx::recursive_init_error
 .rodata._ZTSN9__gnu_cxx20recursive_init_errorE
                0x000000001001057c       0x23 /usr/local/Cellar/arm-none-eabi-gcc/10.3-2021.07/gcc/bin/../lib/gcc/arm-none-eabi/10.3.1/../../../../arm-none-eabi/lib/thumb/v6-m/nofp/libstdc++.a(guard_error.o)
                0x000000001001057c                typeinfo name for __gnu_cxx::recursive_init_error
 *fill*         0x000000001001059f        0x1 
 .rodata._ZTVN9__gnu_cxx20recursive_init_errorE
                0x00000000100105a0       0x14 /usr/local/Cellar/arm-none-eabi-gcc/10.3-2021.07/gcc/bin/../lib/gcc/arm-none-eabi/10.3.1/../../../../arm-none-eabi/lib/thumb/v6-m/nofp/libstdc++.a(guard_error.o)
                0x00000000100105a0                vtable for __gnu_cxx::recursive_init_error
 .rodata._ZTIN10__cxxabiv120__si_class_type_infoE
                0x00000000100105b4        0xc /usr/local/Cellar/arm-none-eabi-gcc/10.3-2021.07/gcc/bin/../lib/gcc/arm-none-eabi/10.3.1/../../../../arm-none-eabi/lib/thumb/v6-m/nofp/libstdc++.a(si_class_type_info.o)
                0x00000000100105b4                typeinfo for __cxxabiv1::__si_class_type_info
 .rodata._ZTSN10__cxxabiv120__si_class_type_infoE
                0x00000000100105c0       0x25 /usr/local/Cellar/arm-none-eabi-gcc/10.3-2021.07/gcc/bin/../lib/gcc/arm-none-eabi/10.3.1/../../../../arm-none-eabi/lib/thumb/v6-m/nofp/libstdc++.a(si_class_type_info.o)
                0x00000000100105c0                typeinfo name for __cxxabiv1::__si_class_type_info
 *fill*         0x00000000100105e5        0x3 
 .rodata._ZTVN10__cxxabiv120__si_class_type_infoE
                0x00000000100105e8       0x2c /usr/local/Cellar/arm-none-eabi-gcc/10.3-2021.07/gcc/bin/../lib/gcc/arm-none-eabi/10.3.1/../../../../arm-none-eabi/lib/thumb/v6-m/nofp/libstdc++.a(si_class_type_info.o)
                0x00000000100105e8                vtable for __cxxabiv1::__si_class_type_info
 .rodata._ZTISt9type_info
                0x0000000010010614        0x8 /usr/local/Cellar/arm-none-eabi-gcc/10.3-2021.07/gcc/bin/../lib/gcc/arm-none-eabi/10.3.1/../../../../arm-none-eabi/lib/thumb/v6-m/nofp/libstdc++.a(tinfo.o)
                0x0000000010010614                typeinfo for std::type_info
 .rodata._ZTSSt9type_info
                0x000000001001061c        0xd /usr/local/Cellar/arm-none-eabi-gcc/10.3-2021.07/gcc/bin/../lib/gcc/arm-none-eabi/10.3.1/../../../../arm-none-eabi/lib/thumb/v6-m/nofp/libstdc++.a(tinfo.o)
                0x000000001001061c                typeinfo name for std::type_info
 *fill*         0x0000000010010629        0x3 
 .rodata._ZTIN10__cxxabiv117__class_type_infoE
                0x000000001001062c        0xc /usr/local/Cellar/arm-none-eabi-gcc/10.3-2021.07/gcc/bin/../lib/gcc/arm-none-eabi/10.3.1/../../../../arm-none-eabi/lib/thumb/v6-m/nofp/libstdc++.a(class_type_info.o)
                0x000000001001062c                typeinfo for __cxxabiv1::__class_type_info
 .rodata._ZTSN10__cxxabiv117__class_type_infoE
                0x0000000010010638       0x22 /usr/local/Cellar/arm-none-eabi-gcc/10.3-2021.07/gcc/bin/../lib/gcc/arm-none-eabi/10.3.1/../../../../arm-none-eabi/lib/thumb/v6-m/nofp/libstdc++.a(class_type_info.o)
                0x0000000010010638                typeinfo name for __cxxabiv1::__class_type_info
 *fill*         0x000000001001065a        0x2 
 .rodata._ZTVN10__cxxabiv117__class_type_infoE
                0x000000001001065c       0x2c /usr/local/Cellar/arm-none-eabi-gcc/10.3-2021.07/gcc/bin/../lib/gcc/arm-none-eabi/10.3.1/../../../../arm-none-eabi/lib/thumb/v6-m/nofp/libstdc++.a(class_type_info.o)
                0x000000001001065c                vtable for __cxxabiv1::__class_type_info
 .rodata._ZNKSt9exception4whatEv.str1.4
                0x0000000010010688        0xf /usr/local/Cellar/arm-none-eabi-gcc/10.3-2021.07/gcc/bin/../lib/gcc/arm-none-eabi/10.3.1/../../../../arm-none-eabi/lib/thumb/v6-m/nofp/libstdc++.a(eh_exception.o)
 *fill*         0x0000000010010697        0x1 
 .rodata._ZNKSt13bad_exception4whatEv.str1.4
                0x0000000010010698       0x13 /usr/local/Cellar/arm-none-eabi-gcc/10.3-2021.07/gcc/bin/../lib/gcc/arm-none-eabi/10.3.1/../../../../arm-none-eabi/lib/thumb/v6-m/nofp/libstdc++.a(eh_exception.o)
 *fill*         0x00000000100106ab        0x1 
 .rodata._ZTIN10__cxxabiv115__forced_unwindE
                0x00000000100106ac        0x8 /usr/local/Cellar/arm-none-eabi-gcc/10.3-2021.07/gcc/bin/../lib/gcc/arm-none-eabi/10.3.1/../../../../arm-none-eabi/lib/thumb/v6-m/nofp/libstdc++.a(eh_exception.o)
                0x00000000100106ac                typeinfo for __cxxabiv1::__forced_unwind
 .rodata._ZTIN10__cxxabiv119__foreign_exceptionE
                0x00000000100106b4        0x8 /usr/local/Cellar/arm-none-eabi-gcc/10.3-2021.07/gcc/bin/../lib/gcc/arm-none-eabi/10.3.1/../../../../arm-none-eabi/lib/thumb/v6-m/nofp/libstdc++.a(eh_exception.o)
                0x00000000100106b4                typeinfo for __cxxabiv1::__foreign_exception
 .rodata._ZTISt13bad_exception
                0x00000000100106bc        0xc /usr/local/Cellar/arm-none-eabi-gcc/10.3-2021.07/gcc/bin/../lib/gcc/arm-none-eabi/10.3.1/../../../../arm-none-eabi/lib/thumb/v6-m/nofp/libstdc++.a(eh_exception.o)
                0x00000000100106bc                typeinfo for std::bad_exception
 .rodata._ZTISt9exception
                0x00000000100106c8        0x8 /usr/local/Cellar/arm-none-eabi-gcc/10.3-2021.07/gcc/bin/../lib/gcc/arm-none-eabi/10.3.1/../../../../arm-none-eabi/lib/thumb/v6-m/nofp/libstdc++.a(eh_exception.o)
                0x00000000100106c8                typeinfo for std::exception